Component: ARM Compiler 5.05 update 1 (build 106) Tool: armlink [4d0efa]

==============================================================================

Section Cross References

    main.o(.text) refers to _printf_percent.o(.ARM.Collect$$_printf_percent$$00000000) for _printf_percent
    main.o(.text) refers to _printf_d.o(.ARM.Collect$$_printf_percent$$00000009) for _printf_d
    main.o(.text) refers to _printf_dec.o(.text) for _printf_int_dec
    main.o(.text) refers to noretval__2sprintf.o(.text) for __2sprintf
    main.o(.text) refers to lcd.o(.text) for LCD_ShowString
    main.o(.text) refers to os_task.o(.text) for OSTaskSuspend
    main.o(.text) refers to os_time.o(.text) for OSTimeDlyHMSM
    main.o(.text) refers to cpu_core.o(.text) for CPU_Init
    main.o(.text) refers to os_stat.o(.text) for OSStatTaskCPUUsageInit
    main.o(.text) refers to os_core.o(.text) for OSSchedRoundRobinCfg
    main.o(.text) refers to cpu_a.o(.text) for CPU_SR_Save
    main.o(.text) refers to delay.o(.text) for delay_init
    main.o(.text) refers to misc.o(.text) for NVIC_PriorityGroupConfig
    main.o(.text) refers to usart.o(.text) for uart_init
    main.o(.text) refers to led.o(.text) for LED_Init
    main.o(.text) refers to key.o(.text) for KEY_Init
    main.o(.text) refers to beep.o(.text) for BEEP_Init
    main.o(.text) refers to rtc.o(.text) for RTC_Timer_Init
    main.o(.text) refers to adc.o(.text) for Adc_Init
    main.o(.text) refers to temperature.o(.text) for Adc_Temperate_Init
    main.o(.text) refers to sram.o(.text) for FSMC_SRAM_Init
    main.o(.text) refers to malloc.o(.text) for mymem_init
    main.o(.text) refers to lwip_comm.o(.text) for lwip_comm_init
    main.o(.text) refers to httpd.o(.text) for httpd_init
    main.o(.text) refers to lwip_comm.o(.bss) for lwipdev
    main.o(.text) refers to main.o(.bss) for DisplayTaskTCB
    main.o(.text) refers to usmart_config.o(.data) for usmart_dev
    main.o(.text) refers to lcd.o(.data) for POINT_COLOR
    system_stm32f4xx.o(.text) refers to system_stm32f4xx.o(.data) for SystemCoreClock
    key.o(.text) refers to stm32f4xx_rcc.o(.text) for RCC_AHB1PeriphClockCmd
    key.o(.text) refers to stm32f4xx_gpio.o(.text) for GPIO_Init
    key.o(.text) refers to delay.o(.text) for delay_ms
    key.o(.text) refers to key.o(.data) for key_up
    led.o(.text) refers to stm32f4xx_rcc.o(.text) for RCC_AHB1PeriphClockCmd
    led.o(.text) refers to stm32f4xx_gpio.o(.text) for GPIO_Init
    timer.o(.text) refers to stm32f4xx_rcc.o(.text) for RCC_APB1PeriphClockCmd
    timer.o(.text) refers to stm32f4xx_tim.o(.text) for TIM_TimeBaseInit
    timer.o(.text) refers to misc.o(.text) for NVIC_Init
    lcd.o(.text) refers to _printf_percent.o(.ARM.Collect$$_printf_percent$$00000000) for _printf_percent
    lcd.o(.text) refers to _printf_x.o(.ARM.Collect$$_printf_percent$$0000000C) for _printf_x
    lcd.o(.text) refers to _printf_hex_int.o(.text) for _printf_longlong_hex
    lcd.o(.text) refers to delay.o(.text) for delay_us
    lcd.o(.text) refers to lcd.o(.bss) for lcddev
    lcd.o(.text) refers to lcd.o(.data) for POINT_COLOR
    lcd.o(.text) refers to dflt_clz.o(x$fpl$dfltu) for __aeabi_ui2d
    lcd.o(.text) refers to dmul.o(x$fpl$dmul) for __aeabi_dmul
    lcd.o(.text) refers to dfixu.o(x$fpl$dfixu) for __aeabi_d2uiz
    lcd.o(.text) refers to stm32f4xx_rcc.o(.text) for RCC_AHB1PeriphClockCmd
    lcd.o(.text) refers to stm32f4xx_gpio.o(.text) for GPIO_Init
    lcd.o(.text) refers to stm32f4xx_fsmc.o(.text) for FSMC_NORSRAMInit
    lcd.o(.text) refers to noretval__2printf.o(.text) for __2printf
    lcd.o(.text) refers to lcd.o(.constdata) for asc2_1206
    lan8720.o(.text) refers to stm32f4xx_rcc.o(.text) for RCC_AHB1PeriphClockCmd
    lan8720.o(.text) refers to stm32f4x7_eth.o(.text) for ETH_DeInit
    lan8720.o(.text) refers to misc.o(.text) for NVIC_Init
    lan8720.o(.text) refers to stm32f4xx_syscfg.o(.text) for SYSCFG_ETH_MediaInterfaceConfig
    lan8720.o(.text) refers to stm32f4xx_gpio.o(.text) for GPIO_Init
    lan8720.o(.text) refers to delay.o(.text) for delay_ms
    lan8720.o(.text) refers to lwip_comm.o(.text) for lwip_pkt_handle
    lan8720.o(.text) refers to malloc.o(.text) for myfree
    lan8720.o(.text) refers to stm32f4x7_eth.o(.data) for DMARxDescToGet
    lan8720.o(.text) refers to lan8720.o(.data) for DMARxDscrTab
    sram.o(.text) refers to stm32f4xx_rcc.o(.text) for RCC_AHB1PeriphClockCmd
    sram.o(.text) refers to stm32f4xx_gpio.o(.text) for GPIO_Init
    sram.o(.text) refers to stm32f4xx_fsmc.o(.text) for FSMC_NORSRAMInit
    adc.o(.text) refers to stm32f4xx_rcc.o(.text) for RCC_APB2PeriphClockCmd
    adc.o(.text) refers to stm32f4xx_gpio.o(.text) for GPIO_Init
    adc.o(.text) refers to stm32f4xx_adc.o(.text) for ADC_CommonInit
    adc.o(.text) refers to delay.o(.text) for delay_ms
    beep.o(.text) refers to stm32f4xx_rcc.o(.text) for RCC_AHB1PeriphClockCmd
    beep.o(.text) refers to stm32f4xx_gpio.o(.text) for GPIO_Init
[...]
    Str_Copy                                 0x0801c8db   Thumb Code    24  lib_str.o(.text)
    Str_Cat_N                                0x0801c8f3   Thumb Code    90  lib_str.o(.text)
    Str_Cat                                  0x0801c94d   Thumb Code    24  lib_str.o(.text)
    Str_Cmp_N                                0x0801c965   Thumb Code   156  lib_str.o(.text)
    Str_Cmp                                  0x0801ca01   Thumb Code    24  lib_str.o(.text)
    Str_CmpIgnoreCase_N                      0x0801ca19   Thumb Code   264  lib_str.o(.text)
    Str_CmpIgnoreCase                        0x0801cb21   Thumb Code    24  lib_str.o(.text)
    Str_Char_N                               0x0801cb39   Thumb Code    74  lib_str.o(.text)
    Str_Char                                 0x0801cb83   Thumb Code    24  lib_str.o(.text)
    Str_Char_Last_N                          0x0801cb9b   Thumb Code    76  lib_str.o(.text)
    Str_Char_Last                            0x0801cbe7   Thumb Code    24  lib_str.o(.text)
    Str_Char_Replace_N                       0x0801cbff   Thumb Code    52  lib_str.o(.text)
    Str_Char_Replace                         0x0801cc33   Thumb Code    28  lib_str.o(.text)
    Str_Str_N                                0x0801cc4f   Thumb Code   182  lib_str.o(.text)
    Str_Str                                  0x0801cd05   Thumb Code    24  lib_str.o(.text)
    Str_FmtNbr_Int32U                        0x0801cef9   Thumb Code    46  lib_str.o(.text)
    Str_FmtNbr_Int32S                        0x0801cf27   Thumb Code    62  lib_str.o(.text)
    Str_ParseNbr_Int32U                      0x0801d123   Thumb Code    30  lib_str.o(.text)
    Str_ParseNbr_Int32S                      0x0801d141   Thumb Code    74  lib_str.o(.text)
    Mem_Copy                                 0x0801d191   Thumb Code     0  lib_mem_a.o(.text)
    OSCfg_Init                               0x0801d3b1   Thumb Code    72  os_cfg_app.o(.text)
    OS_IdleTask                              0x0801d481   Thumb Code    60  os_core.o(.text)
    OS_IdleTaskInit                          0x0801d4bd   Thumb Code    68  os_core.o(.text)
    OS_RdyListInit                           0x0801d501   Thumb Code    32  os_core.o(.text)
    OSInit                                   0x0801d521   Thumb Code   288  os_core.o(.text)
    OSIntEnter                               0x0801d641   Thumb Code    34  os_core.o(.text)
    OSIntExit                                0x0801d663   Thumb Code   188  os_core.o(.text)
    OSSched                                  0x0801d71f   Thumb Code   130  os_core.o(.text)
    OS_SchedLockTimeMeasStart                0x0801d7a1   Thumb Code    20  os_core.o(.text)
    OSSchedLock                              0x0801d7b5   Thumb Code   104  os_core.o(.text)
    OS_SchedLockTimeMeasStop                 0x0801d81d   Thumb Code    44  os_core.o(.text)
    OSSchedUnlock                            0x0801d849   Thumb Code   288  os_core.o(.text)
    OSSchedRoundRobinCfg                     0x0801d969   Thumb Code    88  os_core.o(.text)
    OS_RdyListMoveHeadToTail                 0x0801d9c1   Thumb Code    68  os_core.o(.text)
    OSSchedRoundRobinYield                   0x0801da05   Thumb Code   164  os_core.o(.text)
    OSStart                                  0x0801daa9   Thumb Code    78  os_core.o(.text)
    OSVersion                                0x0801daf7   Thumb Code    12  os_core.o(.text)
    OS_PendDbgNameAdd                        0x0801db03   Thumb Code    66  os_core.o(.text)
    OS_PendListInsertPrio                    0x0801db45   Thumb Code   102  os_core.o(.text)
    OS_PendDataInit                          0x0801dbab   Thumb Code    38  os_core.o(.text)
    OS_RdyListRemove                         0x0801dbd1   Thumb Code    86  os_core.o(.text)
    OS_TaskBlock                             0x0801dc27   Thumb Code    56  os_core.o(.text)
    OS_Pend                                  0x0801dc5f   Thumb Code    98  os_core.o(.text)
    OS_PendListRemove1                       0x0801dcc1   Thumb Code   136  os_core.o(.text)
    OS_PendListRemove                        0x0801dd49   Thumb Code    48  os_core.o(.text)
    OS_PendAbort1                            0x0801dd79   Thumb Code    36  os_core.o(.text)
    OS_RdyListInsertHead                     0x0801dd9d   Thumb Code    58  os_core.o(.text)
    OS_RdyListInsertTail                     0x0801ddd7   Thumb Code    56  os_core.o(.text)
    OS_RdyListInsert                         0x0801de0f   Thumb Code    40  os_core.o(.text)
    OS_TaskRdy                               0x0801de37   Thumb Code    28  os_core.o(.text)
    OS_PendAbort                             0x0801de53   Thumb Code   166  os_core.o(.text)
    OS_PendDbgNameRemove                     0x0801def9   Thumb Code    34  os_core.o(.text)
    OS_PendListChangePrio                    0x0801df1b   Thumb Code    70  os_core.o(.text)
    OS_PendListInit                          0x0801df61   Thumb Code    10  os_core.o(.text)
    OS_PendListInsertHead                    0x0801df6b   Thumb Code    32  os_core.o(.text)
    OS_PendObjDel1                           0x0801df8b   Thumb Code    36  os_core.o(.text)
    OS_PendObjDel                            0x0801dfaf   Thumb Code   162  os_core.o(.text)
    OS_Post1                                 0x0801e051   Thumb Code    42  os_core.o(.text)
    OS_Post                                  0x0801e07b   Thumb Code   192  os_core.o(.text)
    OS_SchedRoundRobin                       0x0801e13b   Thumb Code   208  os_core.o(.text)
    OS_Dbg_Init                              0x0801e215   Thumb Code   144  os_dbg.o(.text)
    OS_FlagDbgListAdd                        0x0801e3bd   Thumb Code    38  os_flag.o(.text)
    OSFlagCreate                             0x0801e3e3   Thumb Code   116  os_flag.o(.text)
    OS_FlagClr                               0x0801e457   Thumb Code    28  os_flag.o(.text)
    OS_FlagDbgListRemove                     0x0801e473   Thumb Code    44  os_flag.o(.text)
    OSFlagDel                                0x0801e49f   Thumb Code   306  os_flag.o(.text)
    OS_FlagBlock                             0x0801e5d1   Thumb Code    58  os_flag.o(.text)
    OSFlagPend                               0x0801e60b   Thumb Code  1248  os_flag.o(.text)
    OSFlagPendAbort                          0x0801eaeb   Thumb Code   236  os_flag.o(.text)
    OSFlagPendGetFlagsRdy                    0x0801ebd7   Thumb Code    86  os_flag.o(.text)
    OS_FlagTaskRdy                           0x0801ec2d   Thumb Code    86  os_flag.o(.text)
    OS_FlagPost                              0x0801ec83   Thumb Code   418  os_flag.o(.text)
    OSFlagPost                               0x0801ee25   Thumb Code   112  os_flag.o(.text)
    OS_FlagInit                              0x0801ee95   Thumb Code    14  os_flag.o(.text)
    OS_MemDbgListAdd                         0x0801eeb5   Thumb Code    34  os_mem.o(.text)
    OSMemCreate                              0x0801eed7   Thumb Code   232  os_mem.o(.text)
    OSMemGet                                 0x0801efbf   Thumb Code   100  os_mem.o(.text)
    OSMemPut                                 0x0801f023   Thumb Code   112  os_mem.o(.text)
    OS_MemInit                               0x0801f093   Thumb Code    14  os_mem.o(.text)
    OS_MsgPoolCreate                         0x0801f0b1   Thumb Code    54  os_msg.o(.text)
    OS_MsgPoolInit                           0x0801f0e7   Thumb Code    70  os_msg.o(.text)
    OS_MsgQFreeAll                           0x0801f12d   Thumb Code    62  os_msg.o(.text)
    OS_MsgQInit                              0x0801f16b   Thumb Code    14  os_msg.o(.text)
    OS_MsgQGet                               0x0801f179   Thumb Code    98  os_msg.o(.text)
    OS_MsgQPut                               0x0801f1db   Thumb Code   246  os_msg.o(.text)
    OS_MutexDbgListAdd                       0x0801f2dd   Thumb Code    38  os_mutex.o(.text)
    OSMutexCreate                            0x0801f303   Thumb Code   122  os_mutex.o(.text)
    OS_MutexClr                              0x0801f37d   Thumb Code    38  os_mutex.o(.text)
    OS_MutexDbgListRemove                    0x0801f3a3   Thumb Code    44  os_mutex.o(.text)
    OSMutexDel                               0x0801f3cf   Thumb Code   442  os_mutex.o(.text)
    OSMutexPend                              0x0801f589   Thumb Code   618  os_mutex.o(.text)
    OSMutexPendAbort                         0x0801f7f3   Thumb Code   236  os_mutex.o(.text)
    OSMutexPost                              0x0801f8df   Thumb Code   354  os_mutex.o(.text)
    OS_MutexInit                             0x0801fa41   Thumb Code    14  os_mutex.o(.text)
    OS_PrioInit                              0x0801fa69   Thumb Code    20  os_prio.o(.text)
    OS_PrioGetHighest                        0x0801fa7d   Thumb Code    36  os_prio.o(.text)
    OS_PrioInsert                            0x0801faa1   Thumb Code    32  os_prio.o(.text)
    OS_PrioRemove                            0x0801fac1   Thumb Code    32  os_prio.o(.text)
    OS_QDbgListAdd                           0x0801fae5   Thumb Code    38  os_q.o(.text)
    OSQCreate                                0x0801fb0b   Thumb Code   130  os_q.o(.text)
    OS_QClr                                  0x0801fb8d   Thumb Code    40  os_q.o(.text)
    OS_QDbgListRemove                        0x0801fbb5   Thumb Code    44  os_q.o(.text)
    OSQDel                                   0x0801fbe1   Thumb Code   306  os_q.o(.text)
    OSQFlush                                 0x0801fd13   Thumb Code   106  os_q.o(.text)
    OSQPend                                  0x0801fd7d   Thumb Code   484  os_q.o(.text)
    OSQPendAbort                             0x0801ff61   Thumb Code   236  os_q.o(.text)
    OS_QPost                                 0x0802004d   Thumb Code   190  os_q.o(.text)
    OSQPost                                  0x0802010b   Thumb Code   144  os_q.o(.text)
    OS_QInit                                 0x0802019b   Thumb Code    14  os_q.o(.text)
    OS_SemDbgListAdd                         0x080201bd   Thumb Code    38  os_sem.o(.text)
    OSSemCreate                              0x080201e3   Thumb Code   116  os_sem.o(.text)
    OS_SemClr                                0x08020257   Thumb Code    28  os_sem.o(.text)
    OS_SemDbgListRemove                      0x08020273   Thumb Code    44  os_sem.o(.text)
    OSSemDel                                 0x0802029f   Thumb Code   306  os_sem.o(.text)
    OSSemPend                                0x080203d1   Thumb Code   406  os_sem.o(.text)
    OSSemPendAbort                           0x08020567   Thumb Code   278  os_sem.o(.text)
    OS_SemPost                               0x0802067d   Thumb Code   294  os_sem.o(.text)
    OSSemPost                                0x080207a3   Thumb Code   108  os_sem.o(.text)
    OSSemSet                                 0x0802080f   Thumb Code   120  os_sem.o(.text)
    OS_SemInit                               0x08020887   Thumb Code    14  os_sem.o(.text)
    OSStatReset                              0x080208a5   Thumb Code   262  os_stat.o(.text)
    OSStatTaskCPUUsageInit                   0x080209ab   Thumb Code   212  os_stat.o(.text)
    OS_StatTask                              0x08020a7f   Thumb Code   768  os_stat.o(.text)
    OS_StatTaskInit                          0x08020d7f   Thumb Code   138  os_stat.o(.text)
    OSTaskChangePrio                         0x08020e4d   Thumb Code   274  os_task.o(.text)
    OS_TaskDbgListAdd                        0x08020f5f   Thumb Code    42  os_task.o(.text)
    OS_TaskInitTCB                           0x08020f89   Thumb Code   186  os_task.o(.text)
    OSTaskCreate                             0x08021043   Thumb Code   412  os_task.o(.text)
    OS_TaskDbgListRemove                     0x080211df   Thumb Code    64  os_task.o(.text)
    OSTaskDel                                0x0802121f   Thumb Code   324  os_task.o(.text)
    OSTaskQFlush                             0x08021363   Thumb Code   110  os_task.o(.text)
    OSTaskQPend                              0x080213d1   Thumb Code   458  os_task.o(.text)
    OSTaskQPendAbort                         0x0802159b   Thumb Code   206  os_task.o(.text)
    OS_TaskQPost                             0x08021669   Thumb Code   220  os_task.o(.text)
    OSTaskQPost                              0x08021745   Thumb Code    82  os_task.o(.text)
    OSTaskRegGet                             0x08021797   Thumb Code    78  os_task.o(.text)
    OSTaskRegGetID                           0x080217e5   Thumb Code    84  os_task.o(.text)
    OSTaskRegSet                             0x08021839   Thumb Code    78  os_task.o(.text)
    OS_TaskResume                            0x08021887   Thumb Code   256  os_task.o(.text)
    OSTaskResume                             0x08021987   Thumb Code    96  os_task.o(.text)
    OSTaskSemPend                            0x080219e7   Thumb Code   478  os_task.o(.text)
    OSTaskSemPendAbort                       0x08021bc5   Thumb Code   214  os_task.o(.text)
    OS_TaskSemPost                           0x08021c9b   Thumb Code   448  os_task.o(.text)
    OSTaskSemPost                            0x08021e5b   Thumb Code    76  os_task.o(.text)
    OSTaskSemSet                             0x08021ea7   Thumb Code    80  os_task.o(.text)
    OSTaskStkChk                             0x08021ef7   Thumb Code   204  os_task.o(.text)
    OS_TaskSuspend                           0x08021fc3   Thumb Code   272  os_task.o(.text)
    OSTaskSuspend                            0x080220d3   Thumb Code    48  os_task.o(.text)
    OSTaskTimeQuantaSet                      0x08022103   Thumb Code    96  os_task.o(.text)
    OS_TaskInit                              0x08022163   Thumb Code    18  os_task.o(.text)
    OS_TaskReturn                            0x08022175   Thumb Code    20  os_task.o(.text)
    OS_TickListRemove                        0x080221a9   Thumb Code    56  os_tick.o(.text)
    OS_TickListUpdate                        0x080221e1   Thumb Code   376  os_tick.o(.text)
    OS_TickTask                              0x08022359   Thumb Code    38  os_tick.o(.text)
    OS_TickListInit                          0x0802237f   Thumb Code    32  os_tick.o(.text)
    OS_TickTaskInit                          0x0802239f   Thumb Code   130  os_tick.o(.text)
    OS_TickListInsert                        0x08022421   Thumb Code   430  os_tick.o(.text)
    OS_TickListResetPeak                     0x080225cf   Thumb Code    94  os_tick.o(.text)
    OSTimeDly                                0x0802262d   Thumb Code   182  os_time.o(.text)
    OSTimeDlyHMSM                            0x080226e3   Thumb Code   394  os_time.o(.text)
    OSTimeDlyResume                          0x0802286d   Thumb Code   334  os_time.o(.text)
    OSTimeGet                                0x080229bb   Thumb Code    46  os_time.o(.text)
    OSTimeSet                                0x080229e9   Thumb Code    68  os_time.o(.text)
    OSTimeTick                               0x08022a2d   Thumb Code    68  os_time.o(.text)
    OS_TmrDbgListAdd                         0x08022a89   Thumb Code    34  os_tmr.o(.text)
    OSTmrCreate                              0x08022aab   Thumb Code   192  os_tmr.o(.text)
    OS_TmrClr                                0x08022b6b   Thumb Code    36  os_tmr.o(.text)
    OS_TmrUnlink                             0x08022b8f   Thumb Code    72  os_tmr.o(.text)
    OS_TmrDbgListRemove                      0x08022bd7   Thumb Code    44  os_tmr.o(.text)
    OSTmrDel                                 0x08022c03   Thumb Code   176  os_tmr.o(.text)
    OSTmrRemainGet                           0x08022cb3   Thumb Code   184  os_tmr.o(.text)
    OS_TmrLink                               0x08022d6b   Thumb Code   196  os_tmr.o(.text)
    OSTmrStart                               0x08022e2f   Thumb Code   208  os_tmr.o(.text)
    OSTmrStateGet                            0x08022eff   Thumb Code   134  os_tmr.o(.text)
    OSTmrStop                                0x08022f85   Thumb Code   232  os_tmr.o(.text)
    OS_TmrTask                               0x0802306d   Thumb Code   176  os_tmr.o(.text)
    OS_TmrInit                               0x0802311d   Thumb Code   208  os_tmr.o(.text)
    OS_TmrResetPeak                          0x080231ed   Thumb Code    28  os_tmr.o(.text)
    OSIdleTaskHook                           0x08023265   Thumb Code    16  os_cpu_c.o(.text)
    OSInitHook                               0x08023275   Thumb Code    28  os_cpu_c.o(.text)
    OSStatTaskHook                           0x08023291   Thumb Code    16  os_cpu_c.o(.text)
    OSTaskCreateHook                         0x080232a1   Thumb Code    20  os_cpu_c.o(.text)
    OSTaskDelHook                            0x080232b5   Thumb Code    20  os_cpu_c.o(.text)
    OSTaskReturnHook                         0x080232c9   Thumb Code    20  os_cpu_c.o(.text)
    OSTaskStkInit                            0x080232dd   Thumb Code   600  os_cpu_c.o(.text)
    OSTaskSwHook                             0x08023535   Thumb Code   120  os_cpu_c.o(.text)
    OSTimeTickHook                           0x080235ad   Thumb Code    16  os_cpu_c.o(.text)
    OS_CPU_SysTickHandler                    0x080235bd   Thumb Code    52  os_cpu_c.o(.text)
    OS_CPU_SysTickInit                       0x080235f1   Thumb Code    44  os_cpu_c.o(.text)
    __use_no_semihosting                     0x0802365d   Thumb Code     2  use_no_semi_2.o(.text)
    __rt_ctype_table                         0x08023661   Thumb Code    16  rt_ctype_table.o(.text)
    __aeabi_uldivmod                         0x08023671   Thumb Code     0  lludivv7m.o(.text)
    _ll_udiv                                 0x08023671   Thumb Code   238  lludivv7m.o(.text)
    __2printf                                0x08023761   Thumb Code    20  noretval__2printf.o(.text)
    __2sprintf                               0x08023779   Thumb Code    34  noretval__2sprintf.o(.text)
    _printf_pre_padding                      0x080237a1   Thumb Code    44  _printf_pad.o(.text)
    _printf_post_padding                     0x080237cd   Thumb Code    34  _printf_pad.o(.text)
    _printf_str                              0x080237ef   Thumb Code    82  _printf_str.o(.text)
    _printf_int_dec                          0x08023841   Thumb Code   104  _printf_dec.o(.text)
    _printf_int_hex                          0x080238b9   Thumb Code    84  _printf_hex_int.o(.text)
    _printf_longlong_hex                     0x080238b9   Thumb Code     0  _printf_hex_int.o(.text)
    __printf                                 0x08023911   Thumb Code   388  __printf_flags_ss_wp.o(.text)
    strchr                                   0x08023a99   Thumb Code    20  strchr.o(.text)
    strstr                                   0x08023aad   Thumb Code    36  strstr.o(.text)
    memcmp                                   0x08023ad1   Thumb Code    88  memcmp.o(.text)
    strlen                                   0x08023b29   Thumb Code    62  strlen.o(.text)
    strncmp                                  0x08023b67   Thumb Code   150  strncmp.o(.text)
    __aeabi_memcpy                           0x08023bfd   Thumb Code     0  rt_memcpy_v6.o(.text)
    __rt_memcpy                              0x08023bfd   Thumb Code   138  rt_memcpy_v6.o(.text)
    _memcpy_lastbytes                        0x08023c63   Thumb Code     0  rt_memcpy_v6.o(.text)
    __aeabi_memcpy4                          0x08023c87   Thumb Code     0  rt_memcpy_w.o(.text)
    __aeabi_memcpy8                          0x08023c87   Thumb Code     0  rt_memcpy_w.o(.text)
    __rt_memcpy_w                            0x08023c87   Thumb Code   100  rt_memcpy_w.o(.text)
    _memcpy_lastbytes_aligned                0x08023ccf   Thumb Code     0  rt_memcpy_w.o(.text)
    __aeabi_memclr                           0x08023ceb   Thumb Code     0  rt_memclr.o(.text)
    __rt_memclr                              0x08023ceb   Thumb Code    68  rt_memclr.o(.text)
    _memset                                  0x08023cef   Thumb Code     0  rt_memclr.o(.text)
    __aeabi_memclr4                          0x08023d2f   Thumb Code     0  rt_memclr_w.o(.text)
    __aeabi_memclr8                          0x08023d2f   Thumb Code     0  rt_memclr_w.o(.text)
    __rt_memclr_w                            0x08023d2f   Thumb Code    78  rt_memclr_w.o(.text)
    _memset_w                                0x08023d33   Thumb Code     0  rt_memclr_w.o(.text)
    strcmp                                   0x08023d7d   Thumb Code   128  strcmpv7m.o(.text)
    __use_two_region_memory                  0x08023dfd   Thumb Code     2  heapauxi.o(.text)
    __rt_heap_escrow$2region                 0x08023dff   Thumb Code     2  heapauxi.o(.text)
    __rt_heap_expand$2region                 0x08023e01   Thumb Code     2  heapauxi.o(.text)
    __I$use$semihosting                      0x08023e03   Thumb Code     0  use_no_semi.o(.text)
    __use_no_semihosting_swi                 0x08023e03   Thumb Code     2  use_no_semi.o(.text)
    __rt_locale                              0x08023e05   Thumb Code     8  rt_locale_intlibspace.o(.text)
    _printf_int_common                       0x08023e0d   Thumb Code   178  _printf_intcommon.o(.text)
    _printf_char_common                      0x08023ecb   Thumb Code    32  _printf_char_common.o(.text)
    _sputc                                   0x08023ef1   Thumb Code    10  _sputc.o(.text)
    _printf_cs_common                        0x08023efb   Thumb Code    20  _printf_char.o(.text)
    _printf_char                             0x08023f0f   Thumb Code    16  _printf_char.o(.text)
    _printf_string                           0x08023f1f   Thumb Code     8  _printf_char.o(.text)
    _printf_char_file                        0x08023f29   Thumb Code    32  _printf_char_file.o(.text)
    __user_libspace                          0x08023f4d   Thumb Code     8  libspace.o(.text)
    __user_perproc_libspace                  0x08023f4d   Thumb Code     0  libspace.o(.text)
    __user_perthread_libspace                0x08023f4d   Thumb Code     0  libspace.o(.text)
    ferror                                   0x08023f55   Thumb Code     8  ferror.o(.text)
    __user_setup_stackheap                   0x08023f5d   Thumb Code    74  sys_stackheap_outer.o(.text)
    exit                                     0x08023fa7   Thumb Code    12  exit.o(.text)
    OSStartHighRdy                           0x08023fb5   Thumb Code     0  os_cpu_a.o(CODE)
    OSCtxSw                                  0x08023fd7   Thumb Code     0  os_cpu_a.o(CODE)
    OSIntCtxSw                               0x08023fe1   Thumb Code     0  os_cpu_a.o(CODE)
    PendSV_Handler                           0x08023feb   Thumb Code     0  os_cpu_a.o(CODE)
    _is_digit                                0x08024061   Thumb Code    14  __printf_wp.o(i._is_digit)
    _get_lc_ctype                            0x08024071   Thumb Code    44  lc_ctype_c.o(locale$$code)
    __aeabi_dadd                             0x0802409d   Thumb Code     0  daddsub_clz.o(x$fpl$dadd)
    _dadd                                    0x0802409d   Thumb Code   332  daddsub_clz.o(x$fpl$dadd)
    __aeabi_ddiv                             0x080241ed   Thumb Code     0  ddiv.o(x$fpl$ddiv)
    _ddiv                                    0x080241ed   Thumb Code   552  ddiv.o(x$fpl$ddiv)
    __aeabi_d2iz                             0x0802449d   Thumb Code     0  dfix.o(x$fpl$dfix)
    _dfix                                    0x0802449d   Thumb Code    94  dfix.o(x$fpl$dfix)
    __aeabi_d2uiz                            0x080244fd   Thumb Code     0  dfixu.o(x$fpl$dfixu)
    _dfixu                                   0x080244fd   Thumb Code    90  dfixu.o(x$fpl$dfixu)
    __aeabi_ui2d                             0x08024557   Thumb Code     0  dflt_clz.o(x$fpl$dfltu)
    _dfltu                                   0x08024557   Thumb Code    38  dflt_clz.o(x$fpl$dfltu)
    __aeabi_dmul                             0x0802457d   Thumb Code     0  dmul.o(x$fpl$dmul)
    _dmul                                    0x0802457d   Thumb Code   332  dmul.o(x$fpl$dmul)
    __fpl_dnaninf                            0x080246d1   Thumb Code   156  dnaninf.o(x$fpl$dnaninf)
    __fpl_dretinf                            0x0802476d   Thumb Code    12  dretinf.o(x$fpl$dretinf)
    __aeabi_dsub                             0x08024779   Thumb Code     0  daddsub_clz.o(x$fpl$dsub)
    _dsub                                    0x08024779   Thumb Code   464  daddsub_clz.o(x$fpl$dsub)
    __aeabi_f2d                              0x0802494d   Thumb Code     0  f2d.o(x$fpl$f2d)
    _f2d                                     0x0802494d   Thumb Code    86  f2d.o(x$fpl$f2d)
    __fpl_fnaninf                            0x080249a3   Thumb Code   140  fnaninf.o(x$fpl$fnaninf)
    _fp_init                                 0x08024a2f   Thumb Code    10  fpinit.o(x$fpl$fpinit)
    __fplib_config_fpu_vfp                   0x08024a37   Thumb Code     0  fpinit.o(x$fpl$fpinit)
    __fplib_config_pureend_doubles           0x08024a37   Thumb Code     0  fpinit.o(x$fpl$fpinit)
    __I$use$fp                               0x08024a38   Number         0  usenofp.o(x$fpl$usenofp)
    asc2_1206                                0x08024a38   Data        1140  lcd.o(.constdata)
    asc2_1608                                0x08024eac   Data        1520  lcd.o(.constdata)
    asc2_2412                                0x0802549c   Data        3420  lcd.o(.constdata)
    FSMC_DefaultTimingStruct                 0x080261f8   Data          28  stm32f4xx_fsmc.o(.constdata)
    file__image_head_jpg                     0x0803f418   Data          20  fs.o(.constdata)
    file__image_stm32_jpg                    0x0803f42c   Data          20  fs.o(.constdata)
    file__image_tab_jpg                      0x0803f440   Data          20  fs.o(.constdata)
    file__404_html                           0x0803f454   Data          20  fs.o(.constdata)
    file__index_html                         0x0803f468   Data          20  fs.o(.constdata)
    file__STM32F407ADC_TEMPERATE_shtml       0x0803f47c   Data          20  fs.o(.constdata)
    file__STM32F407LED_OFF_BEEP_OFF_shtml    0x0803f490   Data          20  fs.o(.constdata)
    file__STM32F407LED_OFF_BEEP_ON_shtml     0x0803f4a4   Data          20  fs.o(.constdata)
    file__STM32F407LED_ON_BEEP_OFF_shtml     0x0803f4b8   Data          20  fs.o(.constdata)
    file__STM32F407LED_ON_BEEP_ON_shtml      0x0803f4cc   Data          20  fs.o(.constdata)
    file__STM32F407RTC_shtml                 0x0803f4e0   Data          20  fs.o(.constdata)
    g_psDefaultFilenames                     0x0803f4f4   Data          40  httpd.o(.constdata)
    g_pcTagLeadIn                            0x0803f51c   Data           4  httpd.o(.constdata)
    g_pcTagLeadOut                           0x0803f520   Data           4  httpd.o(.constdata)
    ethbroadcast                             0x0803f534   Data           6  etharp.o(.constdata)
    ethzero                                  0x0803f53a   Data           6  etharp.o(.constdata)
    ip_addr_any                              0x0803f540   Data           4  ip_addr.o(.constdata)
    ip_addr_broadcast                        0x0803f544   Data           4  ip_addr.o(.constdata)
    tcp_state_str                            0x0803f580   Data          44  tcp.o(.constdata)
    tcp_backoff                              0x0803f5ac   Data          13  tcp.o(.constdata)
    tcp_persist_backoff                      0x0803f5b9   Data           7  tcp.o(.constdata)
    tcp_pcb_lists                            0x0803f5c0   Data          16  tcp.o(.constdata)
    pvNullPointer                            0x0803f5d0   Data           4  sys_arch.o(.constdata)
    memtblsize                               0x0803f614   Data          12  malloc.o(.constdata)
    memblksize                               0x0803f620   Data          12  malloc.o(.constdata)
    memsize                                  0x0803f62c   Data          12  malloc.o(.constdata)
    CPU_EndiannessTest                       0x0803f738   Data           4  cpu_core.o(.constdata)
    OSCfg_IdleTaskStkBasePtr                 0x0803f7d0   Data           4  os_cfg_app.o(.constdata)
    OSCfg_IdleTaskStkLimit                   0x0803f7d4   Data           4  os_cfg_app.o(.constdata)
    OSCfg_IdleTaskStkSize                    0x0803f7d8   Data           4  os_cfg_app.o(.constdata)
    OSCfg_IdleTaskStkSizeRAM                 0x0803f7dc   Data           4  os_cfg_app.o(.constdata)
    OSCfg_IntQBasePtr                        0x0803f7e0   Data           4  os_cfg_app.o(.constdata)
    OSCfg_IntQSize                           0x0803f7e4   Data           2  os_cfg_app.o(.constdata)
    OSCfg_IntQSizeRAM                        0x0803f7e8   Data           4  os_cfg_app.o(.constdata)
    OSCfg_IntQTaskStkBasePtr                 0x0803f7ec   Data           4  os_cfg_app.o(.constdata)
    OSCfg_IntQTaskStkLimit                   0x0803f7f0   Data           4  os_cfg_app.o(.constdata)
    OSCfg_IntQTaskStkSize                    0x0803f7f4   Data           4  os_cfg_app.o(.constdata)
    OSCfg_IntQTaskStkSizeRAM                 0x0803f7f8   Data           4  os_cfg_app.o(.constdata)
    OSCfg_ISRStkBasePtr                      0x0803f7fc   Data           4  os_cfg_app.o(.constdata)
    OSCfg_ISRStkSize                         0x0803f800   Data           4  os_cfg_app.o(.constdata)
    OSCfg_ISRStkSizeRAM                      0x0803f804   Data           4  os_cfg_app.o(.constdata)
    OSCfg_MsgPoolSize                        0x0803f808   Data           2  os_cfg_app.o(.constdata)
    OSCfg_MsgPoolSizeRAM                     0x0803f80c   Data           4  os_cfg_app.o(.constdata)
    OSCfg_MsgPoolBasePtr                     0x0803f810   Data           4  os_cfg_app.o(.constdata)
    OSCfg_StatTaskPrio                       0x0803f814   Data           1  os_cfg_app.o(.constdata)
    OSCfg_StatTaskRate_Hz                    0x0803f818   Data           4  os_cfg_app.o(.constdata)
    OSCfg_StatTaskStkBasePtr                 0x0803f81c   Data           4  os_cfg_app.o(.constdata)
    OSCfg_StatTaskStkLimit                   0x0803f820   Data           4  os_cfg_app.o(.constdata)
    OSCfg_StatTaskStkSize                    0x0803f824   Data           4  os_cfg_app.o(.constdata)
    OSCfg_StatTaskStkSizeRAM                 0x0803f828   Data           4  os_cfg_app.o(.constdata)
    OSCfg_StkSizeMin                         0x0803f82c   Data           4  os_cfg_app.o(.constdata)
    OSCfg_TickRate_Hz                        0x0803f830   Data           4  os_cfg_app.o(.constdata)
    OSCfg_TickTaskPrio                       0x0803f834   Data           1  os_cfg_app.o(.constdata)
    OSCfg_TickTaskStkBasePtr                 0x0803f838   Data           4  os_cfg_app.o(.constdata)
    OSCfg_TickTaskStkLimit                   0x0803f83c   Data           4  os_cfg_app.o(.constdata)
    OSCfg_TickTaskStkSize                    0x0803f840   Data           4  os_cfg_app.o(.constdata)
    OSCfg_TickTaskStkSizeRAM                 0x0803f844   Data           4  os_cfg_app.o(.constdata)
    OSCfg_TickWheelSize                      0x0803f848   Data           2  os_cfg_app.o(.constdata)
    OSCfg_TickWheelSizeRAM                   0x0803f84c   Data           4  os_cfg_app.o(.constdata)
    OSCfg_TmrTaskPrio                        0x0803f850   Data           1  os_cfg_app.o(.constdata)
    OSCfg_TmrTaskRate_Hz                     0x0803f854   Data           4  os_cfg_app.o(.constdata)
    OSCfg_TmrTaskStkBasePtr                  0x0803f858   Data           4  os_cfg_app.o(.constdata)
    OSCfg_TmrTaskStkLimit                    0x0803f85c   Data           4  os_cfg_app.o(.constdata)
    OSCfg_TmrTaskStkSize                     0x0803f860   Data           4  os_cfg_app.o(.constdata)
    OSCfg_TmrTaskStkSizeRAM                  0x0803f864   Data           4  os_cfg_app.o(.constdata)
    OSCfg_TmrWheelSize                       0x0803f868   Data           2  os_cfg_app.o(.constdata)
    OSCfg_TmrWheelSizeRAM                    0x0803f86c   Data           4  os_cfg_app.o(.constdata)
    OSCfg_DataSizeRAM                        0x0803f870   Data           4  os_cfg_app.o(.constdata)
    OSDbg_DbgEn                              0x0803f874   Data           2  os_dbg.o(.constdata)
    OSDbg_ArgChkEn                           0x0803f876   Data           1  os_dbg.o(.constdata)
    OSDbg_AppHooksEn                         0x0803f877   Data           1  os_dbg.o(.constdata)
    OSDbg_EndiannessTest                     0x0803f878   Data           4  os_dbg.o(.constdata)
    OSDbg_CalledFromISRChkEn                 0x0803f87c   Data           1  os_dbg.o(.constdata)
    OSDbg_FlagEn                             0x0803f87d   Data           1  os_dbg.o(.constdata)
    OSDbg_FlagGrp                            0x0803f880   Data          40  os_dbg.o(.constdata)
    OSDbg_FlagDelEn                          0x0803f8a8   Data           1  os_dbg.o(.constdata)
    OSDbg_FlagModeClrEn                      0x0803f8a9   Data           1  os_dbg.o(.constdata)
    OSDbg_FlagPendAbortEn                    0x0803f8aa   Data           1  os_dbg.o(.constdata)
    OSDbg_FlagGrpSize                        0x0803f8ac   Data           2  os_dbg.o(.constdata)
    OSDbg_FlagWidth                          0x0803f8ae   Data           2  os_dbg.o(.constdata)
    OSDbg_IntQ                               0x0803f8b0   Data           2  os_dbg.o(.constdata)
    OSDbg_ISRPostDeferredEn                  0x0803f8b2   Data           1  os_dbg.o(.constdata)
    OSDbg_Mem                                0x0803f8b4   Data          32  os_dbg.o(.constdata)
    OSDbg_MemEn                              0x0803f8d4   Data           1  os_dbg.o(.constdata)
    OSDbg_MemSize                            0x0803f8d6   Data           2  os_dbg.o(.constdata)
    OSDbg_MsgEn                              0x0803f8d8   Data           1  os_dbg.o(.constdata)
    OSDbg_MsgSize                            0x0803f8da   Data           2  os_dbg.o(.constdata)
    OSDbg_MsgPoolSize                        0x0803f8dc   Data           2  os_dbg.o(.constdata)
    OSDbg_MsgQSize                           0x0803f8de   Data           2  os_dbg.o(.constdata)
    OSDbg_Mutex                              0x0803f8e0   Data          44  os_dbg.o(.constdata)
    OSDbg_MutexEn                            0x0803f90c   Data           1  os_dbg.o(.constdata)
    OSDbg_MutexDelEn                         0x0803f90d   Data           1  os_dbg.o(.constdata)
    OSDbg_MutexPendAbortEn                   0x0803f90e   Data           1  os_dbg.o(.constdata)
    OSDbg_MutexSize                          0x0803f910   Data           2  os_dbg.o(.constdata)
    OSDbg_ObjTypeChkEn                       0x0803f912   Data           1  os_dbg.o(.constdata)
    OSDbg_PendMultiEn                        0x0803f913   Data           1  os_dbg.o(.constdata)
    OSDbg_PendDataSize                       0x0803f914   Data           2  os_dbg.o(.constdata)
    OSDbg_PendListSize                       0x0803f916   Data           2  os_dbg.o(.constdata)
    OSDbg_PendObjSize                        0x0803f918   Data           2  os_dbg.o(.constdata)
    OSDbg_PrioMax                            0x0803f91a   Data           2  os_dbg.o(.constdata)
    OSDbg_PrioTblSize                        0x0803f91c   Data           2  os_dbg.o(.constdata)
    OSDbg_PtrSize                            0x0803f91e   Data           2  os_dbg.o(.constdata)
    OSDbg_Q                                  0x0803f920   Data          48  os_dbg.o(.constdata)
    OSDbg_QEn                                0x0803f950   Data           1  os_dbg.o(.constdata)
    OSDbg_QDelEn                             0x0803f951   Data           1  os_dbg.o(.constdata)
    OSDbg_QFlushEn                           0x0803f952   Data           1  os_dbg.o(.constdata)
    OSDbg_QPendAbortEn                       0x0803f953   Data           1  os_dbg.o(.constdata)
    OSDbg_QSize                              0x0803f954   Data           2  os_dbg.o(.constdata)
    OSDbg_SchedRoundRobinEn                  0x0803f956   Data           1  os_dbg.o(.constdata)
    OSDbg_Sem                                0x0803f958   Data          40  os_dbg.o(.constdata)
    OSDbg_SemEn                              0x0803f980   Data           1  os_dbg.o(.constdata)
    OSDbg_SemDelEn                           0x0803f981   Data           1  os_dbg.o(.constdata)
    OSDbg_SemPendAbortEn                     0x0803f982   Data           1  os_dbg.o(.constdata)
    OSDbg_SemSetEn                           0x0803f983   Data           1  os_dbg.o(.constdata)
    OSDbg_SemSize                            0x0803f984   Data           2  os_dbg.o(.constdata)
    OSDbg_RdyList                            0x0803f986   Data           2  os_dbg.o(.constdata)
    OSDbg_RdyListSize                        0x0803f988   Data           4  os_dbg.o(.constdata)
    OSDbg_StkWidth                           0x0803f98c   Data           1  os_dbg.o(.constdata)
    OSDbg_StatTaskEn                         0x0803f98d   Data           1  os_dbg.o(.constdata)
    OSDbg_StatTaskStkChkEn                   0x0803f98e   Data           1  os_dbg.o(.constdata)
    OSDbg_TaskChangePrioEn                   0x0803f98f   Data           1  os_dbg.o(.constdata)
    OSDbg_TaskDelEn                          0x0803f990   Data           1  os_dbg.o(.constdata)
    OSDbg_TaskQEn                            0x0803f991   Data           1  os_dbg.o(.constdata)
    OSDbg_TaskQPendAbortEn                   0x0803f992   Data           1  os_dbg.o(.constdata)
    OSDbg_TaskProfileEn                      0x0803f993   Data           1  os_dbg.o(.constdata)
    OSDbg_TaskRegTblSize                     0x0803f994   Data           2  os_dbg.o(.constdata)
    OSDbg_TaskSemPendAbortEn                 0x0803f996   Data           1  os_dbg.o(.constdata)
    OSDbg_TaskSuspendEn                      0x0803f997   Data           1  os_dbg.o(.constdata)
    OSDbg_TCBSize                            0x0803f998   Data           2  os_dbg.o(.constdata)
    OSDbg_TickSpokeSize                      0x0803f99a   Data           2  os_dbg.o(.constdata)
    OSDbg_TimeDlyHMSMEn                      0x0803f99c   Data           1  os_dbg.o(.constdata)
    OSDbg_TimeDlyResumeEn                    0x0803f99d   Data           1  os_dbg.o(.constdata)
    OSDbg_TLS_TblSize                        0x0803f99e   Data           2  os_dbg.o(.constdata)
    OSDbg_Tmr                                0x0803f9a0   Data          52  os_dbg.o(.constdata)
    OSDbg_TmrEn                              0x0803f9d4   Data           1  os_dbg.o(.constdata)
    OSDbg_TmrDelEn                           0x0803f9d5   Data           1  os_dbg.o(.constdata)
    OSDbg_TmrSize                            0x0803f9d6   Data           2  os_dbg.o(.constdata)
    OSDbg_TmrSpokeSize                       0x0803f9d8   Data           2  os_dbg.o(.constdata)
    OSDbg_VersionNbr                         0x0803f9da   Data           2  os_dbg.o(.constdata)
    OSDbg_DataSize                           0x0803f9dc   Data           4  os_dbg.o(.constdata)
    Region$$Table$$Base                      0x0803fd8c   Number         0  anon$$obj.o(Region$$Table)
    Region$$Table$$Limit                     0x0803fdac   Number         0  anon$$obj.o(Region$$Table)
    __ctype                                  0x0803fdb9   Data           0  lc_ctype_c.o(locale$$data)
    mem3base                                 0x10000000   Data       61440  malloc.o(.ARM.__AT_0x10000000)
    mem3mapbase                              0x1000f000   Data        3840  malloc.o(.ARM.__AT_0x1000F000)
    SystemCoreClock                          0x20000000   Data           4  system_stm32f4xx.o(.data)
    AHBPrescTable                            0x20000004   Data          16  system_stm32f4xx.o(.data)
    POINT_COLOR                              0x20000016   Data           2  lcd.o(.data)
    BACK_COLOR                               0x20000018   Data           2  lcd.o(.data)
    DMARxDscrTab                             0x2000001c   Data           4  lan8720.o(.data)
    DMATxDscrTab                             0x20000020   Data           4  lan8720.o(.data)
    Rx_Buff                                  0x20000024   Data           4  lan8720.o(.data)
    Tx_Buff                                  0x20000028   Data           4  lan8720.o(.data)
    DMATxDescToSet                           0x2000003c   Data           4  stm32f4x7_eth.o(.data)
    DMARxDescToGet                           0x20000040   Data           4  stm32f4x7_eth.o(.data)
    DMA_RX_FRAME_infos                       0x20000044   Data           4  stm32f4x7_eth.o(.data)
    Frame_Rx_index                           0x20000048   Data           4  stm32f4x7_eth.o(.data)
    __stdout                                 0x20000050   Data           4  usart.o(.data)
    USART_RX_STA                             0x20000054   Data           2  usart.o(.data)
    sys_cmd_tab                              0x20000058   Data          28  usmart.o(.data)
    usmart_nametab                           0x20000074   Data          48  usmart_config.o(.data)
    usmart_dev                               0x200000a4   Data         244  usmart_config.o(.data)
    TCPIP_THREAD_TASK_STK                    0x20000198   Data           4  lwip_comm.o(.data)
    LWIP_DHCP_TASK_STK                       0x2000019c   Data           4  lwip_comm.o(.data)
    g_pcSSIExtensions                        0x200001a0   Data          16  httpd.o(.data)
    g_pfnSSIHandler                          0x200001b0   Data           4  httpd.o(.data)
    g_iNumTags                               0x200001b4   Data           4  httpd.o(.data)
    g_ppcTags                                0x200001b8   Data           4  httpd.o(.data)
    g_pCGIs                                  0x200001bc   Data           4  httpd.o(.data)
    g_iNumCGIs                               0x200001c0   Data           4  httpd.o(.data)
    current_netif                            0x200001d8   Data           4  ip.o(.data)
    current_header                           0x200001dc   Data           4  ip.o(.data)
    current_iphdr_src                        0x200001e0   Data           4  ip.o(.data)
    current_iphdr_dest                       0x200001e4   Data           4  ip.o(.data)
    memp_memory                              0x2000022c   Data           4  memp.o(.data)
    netif_list                               0x20000230   Data           4  netif.o(.data)
    netif_default                            0x20000234   Data           4  netif.o(.data)
    tcp_ticks                                0x20000244   Data           4  tcp.o(.data)
    tcp_bound_pcbs                           0x20000248   Data           4  tcp.o(.data)
    tcp_listen_pcbs                          0x2000024c   Data           4  tcp.o(.data)
    tcp_active_pcbs                          0x20000250   Data           4  tcp.o(.data)
    tcp_tw_pcbs                              0x20000254   Data           4  tcp.o(.data)
    tcp_tmp_pcb                              0x20000258   Data           4  tcp.o(.data)
    tcp_active_pcbs_changed                  0x2000025c   Data           1  tcp.o(.data)
    tcp_input_pcb                            0x20000280   Data           4  tcp_in.o(.data)
    udp_pcbs                                 0x20000290   Data           4  udp.o(.data)
    ram_heap                                 0x20000294   Data           4  mem.o(.data)
    mallco_dev                               0x200002b4   Data          36  malloc.o(.data)
    CPU_TS_TmrFreq_Hz                        0x200002d8   Data           4  cpu_core.o(.data)
    Mem_PoolTbl                              0x200002dc   Data           4  lib_mem.o(.data)
    OSPrioTbl                                0x200002e0   Data           4  os_prio.o(.data)
    OS_AppTaskCreateHookPtr                  0x200002e4   Data           4  os_var.o(.data)
    OS_AppTaskDelHookPtr                     0x200002e8   Data           4  os_var.o(.data)
    OS_AppTaskReturnHookPtr                  0x200002ec   Data           4  os_var.o(.data)
    OS_AppIdleTaskHookPtr                    0x200002f0   Data           4  os_var.o(.data)
    OS_AppStatTaskHookPtr                    0x200002f4   Data           4  os_var.o(.data)
    OS_AppTaskSwHookPtr                      0x200002f8   Data           4  os_var.o(.data)
    OS_AppTimeTickHookPtr                    0x200002fc   Data           4  os_var.o(.data)
    OSIdleTaskCtr                            0x20000300   Data           4  os_var.o(.data)
    OSIntNestingCtr                          0x20000304   Data           1  os_var.o(.data)
    OSRunning                                0x20000305   Data           1  os_var.o(.data)
    OSFlagDbgListPtr                         0x20000308   Data           4  os_var.o(.data)
    OSFlagQty                                0x2000030c   Data           2  os_var.o(.data)
    OSMemDbgListPtr                          0x20000310   Data           4  os_var.o(.data)
    OSMemQty                                 0x20000314   Data           2  os_var.o(.data)
    OSMutexDbgListPtr                        0x20000318   Data           4  os_var.o(.data)
    OSMutexQty                               0x2000031c   Data           2  os_var.o(.data)
    OSPrioCur                                0x2000031e   Data           1  os_var.o(.data)
    OSPrioHighRdy                            0x2000031f   Data           1  os_var.o(.data)
    OSPrioSaved                              0x20000320   Data           1  os_var.o(.data)
    OSQDbgListPtr                            0x20000324   Data           4  os_var.o(.data)
    OSQQty                                   0x20000328   Data           2  os_var.o(.data)
    OSSchedLockTimeBegin                     0x2000032c   Data           4  os_var.o(.data)
    OSSchedLockTimeMax                       0x20000330   Data           4  os_var.o(.data)
    OSSchedLockTimeMaxCur                    0x20000334   Data           4  os_var.o(.data)
    OSSchedLockNestingCtr                    0x20000338   Data           1  os_var.o(.data)
    OSSchedRoundRobinDfltTimeQuanta          0x2000033c   Data           4  os_var.o(.data)
    OSSchedRoundRobinEn                      0x20000340   Data           1  os_var.o(.data)
    OSSemDbgListPtr                          0x20000344   Data           4  os_var.o(.data)
    OSSemQty                                 0x20000348   Data           2  os_var.o(.data)
    OSStatResetFlag                          0x2000034a   Data           1  os_var.o(.data)
    OSStatTaskCPUUsage                       0x2000034c   Data           2  os_var.o(.data)
    OSStatTaskCPUUsageMax                    0x2000034e   Data           2  os_var.o(.data)
    OSStatTaskCtr                            0x20000350   Data           4  os_var.o(.data)
    OSStatTaskCtrMax                         0x20000354   Data           4  os_var.o(.data)
    OSStatTaskCtrRun                         0x20000358   Data           4  os_var.o(.data)
    OSStatTaskRdy                            0x2000035c   Data           1  os_var.o(.data)
    OSStatTaskTimeMax                        0x20000360   Data           4  os_var.o(.data)
    OSTaskCtxSwCtr                           0x20000364   Data           4  os_var.o(.data)
    OSTaskDbgListPtr                         0x20000368   Data           4  os_var.o(.data)
    OSTaskQty                                0x2000036c   Data           2  os_var.o(.data)
    OSTaskRegNextAvailID                     0x2000036e   Data           1  os_var.o(.data)
    OSTickCtr                                0x20000370   Data           4  os_var.o(.data)
    OSTickTaskTimeMax                        0x20000374   Data           4  os_var.o(.data)
    OSTmrDbgListPtr                          0x20000378   Data           4  os_var.o(.data)
    OSTmrQty                                 0x2000037c   Data           2  os_var.o(.data)
    OSTmrTaskTimeMax                         0x20000380   Data           4  os_var.o(.data)
    OSTmrTickCtr                             0x20000384   Data           4  os_var.o(.data)
    OSTmrUpdateCnt                           0x20000388   Data           4  os_var.o(.data)
    OSTmrUpdateCtr                           0x2000038c   Data           4  os_var.o(.data)
    OSTCBCurPtr                              0x20000390   Data           4  os_var.o(.data)
    OSTCBHighRdyPtr                          0x20000394   Data           4  os_var.o(.data)
    OS_CPU_ExceptStkBase                     0x20000398   Data           4  os_cpu_c.o(.data)
    LedTaskTCB                               0x2000039c   Data         196  main.o(.bss)
    LED_TASK_STK                             0x20000460   Data         512  main.o(.bss)
    DisplayTaskTCB                           0x20000660   Data         196  main.o(.bss)
    DISPLAY_TASK_STK                         0x20000724   Data         512  main.o(.bss)
    StartTaskTCB                             0x20000924   Data         196  main.o(.bss)
    START_TASK_STK                           0x200009e8   Data         512  main.o(.bss)
    lcddev                                   0x20000be8   Data          14  lcd.o(.bss)
    RX_Frame_Descriptor                      0x20000bf8   Data          12  stm32f4x7_eth.o(.bss)
    USART_RX_BUF                             0x20000c04   Data         200  usart.o(.bss)
    lwipdev                                  0x20000ccc   Data          23  lwip_comm.o(.bss)
    lwip_netif                               0x20000ce4   Data          48  lwip_comm.o(.bss)
    LwipdhcpTaskTCB                          0x20000d14   Data         196  lwip_comm.o(.bss)
    fs_memory                                0x20000dd8   Data         240  fs.o(.bss)
    TcpipthreadTaskTCB                       0x20001414   Data         196  sys_arch.o(.bss)
    mem1base                                 0x20001568   Data       102400  malloc.o(.bss)
    mem1mapbase                              0x2001a568   Data        6400  malloc.o(.bss)
    CPU_Name                                 0x2001be68   Data          16  cpu_core.o(.bss)
    Mem_PoolHeap                             0x2001be78   Data          72  lib_mem.o(.bss)
    Mem_Heap                                 0x2001bec0   Data        1024  lib_mem.o(.bss)
    OSCfg_IdleTaskStk                        0x2001c2c0   Data         512  os_cfg_app.o(.bss)
    OSCfg_ISRStk                             0x2001c4c0   Data         512  os_cfg_app.o(.bss)
    OSCfg_MsgPool                            0x2001c6c0   Data        1600  os_cfg_app.o(.bss)
    OSCfg_StatTaskStk                        0x2001cd00   Data         512  os_cfg_app.o(.bss)
    OSCfg_TickTaskStk                        0x2001cf00   Data         512  os_cfg_app.o(.bss)
    OSCfg_TickWheel                          0x2001d100   Data         136  os_cfg_app.o(.bss)
    OSCfg_TmrTaskStk                         0x2001d188   Data         512  os_cfg_app.o(.bss)
    OSCfg_TmrWheel                           0x2001d388   Data         136  os_cfg_app.o(.bss)
    OSIdleTaskTCB                            0x2001d410   Data         196  os_var.o(.bss)
    OSMsgPool                                0x2001d4d4   Data          12  os_var.o(.bss)
    OSRdyList                                0x2001d4e0   Data         384  os_var.o(.bss)
    OSStatTaskTCB                            0x2001d660   Data         196  os_var.o(.bss)
    OSTickTaskTCB                            0x2001d724   Data         196  os_var.o(.bss)
    OSTmrTaskTCB                             0x2001d7e8   Data         196  os_var.o(.bss)
    __libspace_start                         0x2001d8ac   Data          96  libspace.o(.bss)
    __temporary_stack_top$libspace           0x2001d90c   Data           0  libspace.o(.bss)
    mem2base                                 0x68000000   Data       204800  malloc.o(.ARM.__AT_0x68000000)
    mem2mapbase                              0x68032000   Data       12800  malloc.o(.ARM.__AT_0x68032000)



==============================================================================

Memory Map of the image

  Image Entry point : 0x08000189

  Load Region LR_IROM1 (Base: 0x08000000, Size: 0x00040258, Max: 0x00100000, ABSOLUTE, COMPRESSED[0x0003ffa0])

    Execution Region ER_IROM1 (Base: 0x08000000, Size: 0x0003febc, Max: 0x00100000, ABSOLUTE)

    Base Addr    Size         Type   Attr      Idx    E Section Name        Object

    0x08000000   0x00000188   Data   RO          607    RESET               startup_stm32f40_41xxx.o
    0x08000188   0x00000008   Code   RO         2594  * !!!main             c_w.l(__main.o)
    0x08000190   0x00000034   Code   RO         2820    !!!scatter          c_w.l(__scatter.o)
    0x080001c4   0x0000005a   Code   RO         2818    !!dczerorl2         c_w.l(__dczerorl2.o)
    0x0800021e   0x00000002   PAD
    0x08000220   0x0000001c   Code   RO         2822    !!handler_zi        c_w.l(__scatter_zi.o)
    0x0800023c   0x00000000   Code   RO         2571    .ARM.Collect$$_printf_percent$$00000000  c_w.l(_printf_percent.o)
    0x0800023c   0x00000006   Code   RO         2569    .ARM.Collect$$_printf_percent$$00000009  c_w.l(_printf_d.o)
    0x08000242   0x00000006   Code   RO         2570    .ARM.Collect$$_printf_percent$$0000000A  c_w.l(_printf_u.o)
    0x08000248   0x00000006   Code   RO         2568    .ARM.Collect$$_printf_percent$$0000000C  c_w.l(_printf_x.o)
    0x0800024e   0x00000006   Code   RO         2566    .ARM.Collect$$_printf_percent$$00000013  c_w.l(_printf_c.o)
    0x08000254   0x00000006   Code   RO         2567    .ARM.Collect$$_printf_percent$$00000014  c_w.l(_printf_s.o)
    0x0800025a   0x00000004   Code   RO         2646    .ARM.Collect$$_printf_percent$$00000017  c_w.l(_printf_percent_end.o)
    0x0800025e   0x00000002   Code   RO         2743    .ARM.Collect$$libinit$$00000000  c_w.l(libinit.o)
    0x08000260   0x00000004   Code   RO         2683    .ARM.Collect$$libinit$$00000001  c_w.l(libinit2.o)
    0x08000264   0x00000000   Code   RO         2686    .ARM.Collect$$libinit$$00000004  c_w.l(libinit2.o)
    0x08000264   0x00000000   Code   RO         2689    .ARM.Collect$$libinit$$0000000A  c_w.l(libinit2.o)
    0x08000264   0x00000000   Code   RO         2691    .ARM.Collect$$libinit$$0000000C  c_w.l(libinit2.o)
    0x08000264   0x00000000   Code   RO         2693    .ARM.Collect$$libinit$$0000000E  c_w.l(libinit2.o)
    0x08000264   0x00000006   Code   RO         2694    .ARM.Collect$$libinit$$0000000F  c_w.l(libinit2.o)
    0x0800026a   0x00000000   Code   RO         2696    .ARM.Collect$$libinit$$00000011  c_w.l(libinit2.o)
    0x0800026a   0x0000000c   Code   RO         2697    .ARM.Collect$$libinit$$00000012  c_w.l(libinit2.o)
    0x08000276   0x00000000   Code   RO         2698    .ARM.Collect$$libinit$$00000013  c_w.l(libinit2.o)
    0x08000276   0x00000000   Code   RO         2700    .ARM.Collect$$libinit$$00000015  c_w.l(libinit2.o)
    0x08000276   0x00000000   Code   RO         2702    .ARM.Collect$$libinit$$00000017  c_w.l(libinit2.o)
    0x08000276   0x00000000   Code   RO         2704    .ARM.Collect$$libinit$$00000019  c_w.l(libinit2.o)
    0x08000276   0x00000000   Code   RO         2706    .ARM.Collect$$libinit$$0000001B  c_w.l(libinit2.o)
    0x08000276   0x00000000   Code   RO         2708    .ARM.Collect$$libinit$$0000001D  c_w.l(libinit2.o)
    0x08000276   0x00000000   Code   RO         2710    .ARM.Collect$$libinit$$0000001F  c_w.l(libinit2.o)
    0x08000276   0x00000000   Code   RO         2712    .ARM.Collect$$libinit$$00000021  c_w.l(libinit2.o)
    0x08000276   0x00000000   Code   RO         2714    .ARM.Collect$$libinit$$00000023  c_w.l(libinit2.o)
    0x08000276   0x00000000   Code   RO         2716    .ARM.Collect$$libinit$$00000025  c_w.l(libinit2.o)
    0x08000276   0x00000000   Code   RO         2720    .ARM.Collect$$libinit$$0000002C  c_w.l(libinit2.o)
    0x08000276   0x00000000   Code   RO         2722    .ARM.Collect$$libinit$$0000002E  c_w.l(libinit2.o)
    0x08000276   0x00000000   Code   RO         2724    .ARM.Collect$$libinit$$00000030  c_w.l(libinit2.o)
    0x08000276   0x00000000   Code   RO         2726    .ARM.Collect$$libinit$$00000032  c_w.l(libinit2.o)
    0x08000276   0x00000002   Code   RO         2727    .ARM.Collect$$libinit$$00000033  c_w.l(libinit2.o)
    0x08000278   0x00000002   Code   RO         2786    .ARM.Collect$$libshutdown$$00000000  c_w.l(libshutdown.o)
    0x0800027a   0x00000000   Code   RO         2803    .ARM.Collect$$libshutdown$$00000003  c_w.l(libshutdown2.o)
    0x0800027a   0x00000000   Code   RO         2806    .ARM.Collect$$libshutdown$$00000006  c_w.l(libshutdown2.o)
    0x0800027a   0x00000000   Code   RO         2809    .ARM.Collect$$libshutdown$$00000009  c_w.l(libshutdown2.o)
    0x0800027a   0x00000000   Code   RO         2811    .ARM.Collect$$libshutdown$$0000000B  c_w.l(libshutdown2.o)
    0x0800027a   0x00000000   Code   RO         2814    .ARM.Collect$$libshutdown$$0000000E  c_w.l(libshutdown2.o)
    0x0800027a   0x00000002   Code   RO         2815    .ARM.Collect$$libshutdown$$0000000F  c_w.l(libshutdown2.o)
    0x0800027c   0x00000000   Code   RO         2626    .ARM.Collect$$rtentry$$00000000  c_w.l(__rtentry.o)
    0x0800027c   0x00000000   Code   RO         2661    .ARM.Collect$$rtentry$$00000002  c_w.l(__rtentry2.o)
    0x0800027c   0x00000006   Code   RO         2673    .ARM.Collect$$rtentry$$00000004  c_w.l(__rtentry4.o)
    0x08000282   0x00000000   Code   RO         2663    .ARM.Collect$$rtentry$$00000009  c_w.l(__rtentry2.o)
    0x08000282   0x00000004   Code   RO         2664    .ARM.Collect$$rtentry$$0000000A  c_w.l(__rtentry2.o)
    0x08000286   0x00000000   Code   RO         2666    .ARM.Collect$$rtentry$$0000000C  c_w.l(__rtentry2.o)
    0x08000286   0x00000008   Code   RO         2667    .ARM.Collect$$rtentry$$0000000D  c_w.l(__rtentry2.o)
    0x0800028e   0x00000002   Code   RO         2746    .ARM.Collect$$rtexit$$00000000  c_w.l(rtexit.o)
    0x08000290   0x00000000   Code   RO         2761    .ARM.Collect$$rtexit$$00000002  c_w.l(rtexit2.o)
    0x08000290   0x00000004   Code   RO         2762    .ARM.Collect$$rtexit$$00000003  c_w.l(rtexit2.o)
    0x08000294   0x00000006   Code   RO         2763    .ARM.Collect$$rtexit$$00000004  c_w.l(rtexit2.o)
    0x0800029a   0x00000002   PAD
    0x0800029c   0x000004b8   Code   RO            3    .text               main.o
    0x08000754   0x00000014   Code   RO          295    .text               stm32f4xx_it.o
    0x08000768   0x00000210   Code   RO          344    .text               system_stm32f4xx.o
    0x08000978   0x000000e0   Code   RO          370    .text               key.o
    0x08000a58   0x00000084   Code   RO          391    .text               led.o
    0x08000adc   0x00000070   Code   RO          411    .text               timer.o
    0x08000b4c   0x00004ca8   Code   RO          435    .text               lcd.o
    0x080057f4   0x00000390   Code   RO          473    .text               lan8720.o
    0x08005b84   0x000002a4   Code   RO          504    .text               sram.o
    0x08005e28   0x000000dc   Code   RO          524    .text               adc.o
    0x08005f04   0x00000040   Code   RO          544    .text               beep.o
    0x08005f44   0x00000194   Code   RO          564    .text               temperature.o
    0x080060d8   0x00000414   Code   RO          587    .text               rtc.o
    0x080064ec   0x00000040   Code   RO          608    .text               startup_stm32f40_41xxx.o
    0x0800652c   0x000000e0   Code   RO          614    .text               misc.o
    0x0800660c   0x00000294   Code   RO          634    .text               stm32f4xx_gpio.o
    0x080068a0   0x0000065c   Code   RO          654    .text               stm32f4xx_rcc.o
    0x08006efc   0x00000094   Code   RO          676    .text               stm32f4xx_syscfg.o
    0x08006f90   0x00000ca2   Code   RO          696    .text               stm32f4xx_tim.o
    0x08007c32   0x00000002   PAD
    0x08007c34   0x00000454   Code   RO          716    .text               stm32f4xx_usart.o
    0x08008088   0x00000e40   Code   RO          736    .text               stm32f4x7_eth.o
    0x08008ec8   0x00000464   Code   RO          763    .text               stm32f4xx_adc.o
    0x0800932c   0x000005c8   Code   RO          783    .text               stm32f4xx_fsmc.o
    0x080098f4   0x00000110   Code   RO          806    .text               stm32f4xx_exti.o
    0x08009a04   0x0000016c   Code   RO          826    .text               stm32f4xx_pwr.o
    0x08009b70   0x00000d68   Code   RO          846    .text               stm32f4xx_rtc.o
    0x0800a8d8   0x0000014c   Code   RO          866    .text               delay.o
    0x0800aa24   0x00000158   Code   RO          906    .text               usart.o
    0x0800ab7c   0x00000c3c   Code   RO          937    .text               usmart.o
    0x0800b7b8   0x00000528   Code   RO          982    .text               usmart_str.o
    0x0800bce0   0x00000318   Code   RO         1002    .text               lwip_comm.o
    0x0800bff8   0x00000108   Code   RO         1101    .text               fs.o
    0x0800c100   0x000012a0   Code   RO         1134    .text               httpd.o
    0x0800d3a0   0x000004f4   Code   RO         1184    .text               httpd_cgi_ssi.o
    0x0800d894   0x00000e7c   Code   RO         1208    .text               etharp.o
    0x0800e710   0x00000228   Code   RO         1243    .text               ethernetif.o
    0x0800e938   0x00000424   Code   RO         1299    .text               icmp.o
    0x0800ed5c   0x000002b4   Code   RO         1357    .text               inet_chksum.o
    0x0800f010   0x00000400   Code   RO         1377    .text               ip.o
    0x0800f410   0x0000032c   Code   RO         1419    .text               ip_addr.o
    0x0800f73c   0x00000a28   Code   RO         1453    .text               ip_frag.o
    0x08010164   0x0000003e   Code   RO         1475    .text               def.o
    0x080101a2   0x00000024   Code   RO         1523    .text               init.o
    0x080101c6   0x00000002   PAD
    0x080101c8   0x000001d4   Code   RO         1561    .text               memp.o
    0x0801039c   0x00000334   Code   RO         1602    .text               netif.o
    0x080106d0   0x000010a8   Code   RO         1632    .text               pbuf.o
    0x08011778   0x0000024c   Code   RO         1652    .text               raw.o
    0x080119c4   0x0000148c   Code   RO         1688    .text               tcp.o
    0x08012e50   0x00001878   Code   RO         1720    .text               tcp_in.o
    0x080146c8   0x00001346   Code   RO         1751    .text               tcp_out.o
    0x08015a0e   0x00000002   PAD
    0x08015a10   0x000002dc   Code   RO         1772    .text               timers.o
    0x08015cec   0x000005b4   Code   RO         1794    .text               udp.o
    0x080162a0   0x00000744   Code   RO         1820    .text               mem.o
    0x080169e4   0x00000490   Code   RO         1844    .text               sys_arch.o
    0x08016e74   0x00000c10   Code   RO         1875    .text               api_lib.o
    0x08017a84   0x00001854   Code   RO         1914    .text               api_msg.o
    0x080192d8   0x000003b0   Code   RO         1957    .text               netbuf.o
    0x08019688   0x00001c70   Code   RO         2011    .text               sockets.o
    0x0801b2f8   0x000003b8   Code   RO         2035    .text               tcpip.o
    0x0801b6b0   0x00000234   Code   RO         2067    .text               malloc.o
    0x0801b8e4   0x00000084   Code   RO         2099    .text               bsp.o
    0x0801b968   0x000002a8   Code   RO         2132    .text               cpu_core.o
    0x0801bc10   0x00000034   Code   RO         2158    .text               cpu_a.o
    0x0801bc44   0x00000256   Code   RO         2161    .text               lib_ascii.o
    0x0801be9a   0x00000002   PAD
    0x0801be9c   0x000009c6   Code   RO         2194    .text               lib_mem.o
    0x0801c862   0x00000002   PAD
    0x0801c864   0x0000092c   Code   RO         2213    .text               lib_str.o
    0x0801d190   0x00000220   Code   RO         2230    .text               lib_mem_a.o
    0x0801d3b0   0x000000d0   Code   RO         2233    .text               os_cfg_app.o
    0x0801d480   0x00000d94   Code   RO         2253    .text               os_core.o
    0x0801e214   0x000001a8   Code   RO         2265    .text               os_dbg.o
    0x0801e3bc   0x00000af8   Code   RO         2280    .text               os_flag.o
    0x0801eeb4   0x000001fc   Code   RO         2298    .text               os_mem.o
    0x0801f0b0   0x0000022c   Code   RO         2310    .text               os_msg.o
    0x0801f2dc   0x0000078c   Code   RO         2322    .text               os_mutex.o
    0x0801fa68   0x0000007c   Code   RO         2340    .text               os_prio.o
    0x0801fae4   0x000006d8   Code   RO         2359    .text               os_q.o
    0x080201bc   0x000006e8   Code   RO         2371    .text               os_sem.o
    0x080208a4   0x000005a8   Code   RO         2383    .text               os_stat.o
    0x08020e4c   0x0000135c   Code   RO         2395    .text               os_task.o
    0x080221a8   0x00000484   Code   RO         2407    .text               os_tick.o
    0x0802262c   0x0000045c   Code   RO         2419    .text               os_time.o
    0x08022a88   0x000007dc   Code   RO         2431    .text               os_tmr.o
    0x08023264   0x000003f8   Code   RO         2459    .text               os_cpu_c.o
    0x0802365c   0x00000002   Code   RO         2503    .text               c_w.l(use_no_semi_2.o)
    0x0802365e   0x00000002   PAD
    0x08023660   0x00000010   Code   RO         2505    .text               c_w.l(rt_ctype_table.o)
    0x08023670   0x000000ee   Code   RO         2507    .text               c_w.l(lludivv7m.o)
    0x0802375e   0x00000002   PAD
    0x08023760   0x00000018   Code   RO         2513    .text               c_w.l(noretval__2printf.o)
    0x08023778   0x00000028   Code   RO         2515    .text               c_w.l(noretval__2sprintf.o)
    0x080237a0   0x0000004e   Code   RO         2519    .text               c_w.l(_printf_pad.o)
    0x080237ee   0x00000052   Code   RO         2521    .text               c_w.l(_printf_str.o)
    0x08023840   0x00000078   Code   RO         2523    .text               c_w.l(_printf_dec.o)
    0x080238b8   0x00000058   Code   RO         2528    .text               c_w.l(_printf_hex_int.o)
    0x08023910   0x00000188   Code   RO         2563    .text               c_w.l(__printf_flags_ss_wp.o)
    0x08023a98   0x00000014   Code   RO         2572    .text               c_w.l(strchr.o)
    0x08023aac   0x00000024   Code   RO         2574    .text               c_w.l(strstr.o)
    0x08023ad0   0x00000058   Code   RO         2576    .text               c_w.l(memcmp.o)
    0x08023b28   0x0000003e   Code   RO         2578    .text               c_w.l(strlen.o)
    0x08023b66   0x00000096   Code   RO         2580    .text               c_w.l(strncmp.o)
    0x08023bfc   0x0000008a   Code   RO         2582    .text               c_w.l(rt_memcpy_v6.o)
    0x08023c86   0x00000064   Code   RO         2584    .text               c_w.l(rt_memcpy_w.o)
    0x08023cea   0x00000044   Code   RO         2586    .text               c_w.l(rt_memclr.o)
    0x08023d2e   0x0000004e   Code   RO         2588    .text               c_w.l(rt_memclr_w.o)
    0x08023d7c   0x00000080   Code   RO         2590    .text               c_w.l(strcmpv7m.o)
    0x08023dfc   0x00000006   Code   RO         2592    .text               c_w.l(heapauxi.o)
    0x08023e02   0x00000002   Code   RO         2624    .text               c_w.l(use_no_semi.o)
    0x08023e04   0x00000008   Code   RO         2634    .text               c_w.l(rt_locale_intlibspace.o)
    0x08023e0c   0x000000b2   Code   RO         2636    .text               c_w.l(_printf_intcommon.o)
    0x08023ebe   0x00000002   PAD
    0x08023ec0   0x00000030   Code   RO         2638    .text               c_w.l(_printf_char_common.o)
    0x08023ef0   0x0000000a   Code   RO         2640    .text               c_w.l(_sputc.o)
    0x08023efa   0x0000002c   Code   RO         2642    .text               c_w.l(_printf_char.o)
    0x08023f26   0x00000002   PAD
    0x08023f28   0x00000024   Code   RO         2644    .text               c_w.l(_printf_char_file.o)
    0x08023f4c   0x00000008   Code   RO         2657    .text               c_w.l(libspace.o)
    0x08023f54   0x00000008   Code   RO         2679    .text               c_w.l(ferror.o)
    0x08023f5c   0x0000004a   Code   RO         2728    .text               c_w.l(sys_stackheap_outer.o)
    0x08023fa6   0x0000000c   Code   RO         2730    .text               c_w.l(exit.o)
    0x08023fb2   0x00000002   PAD
    0x08023fb4   0x000000ac   Code   RO         2483    CODE                os_cpu_a.o
    0x08024060   0x0000000e   Code   RO         2556    i._is_digit         c_w.l(__printf_wp.o)
    0x0802406e   0x00000002   PAD
    0x08024070   0x0000002c   Code   RO         2648    locale$$code        c_w.l(lc_ctype_c.o)
    0x0802409c   0x00000150   Code   RO         2596    x$fpl$dadd          fz_wm.l(daddsub_clz.o)
    0x080241ec   0x000002b0   Code   RO         2603    x$fpl$ddiv          fz_wm.l(ddiv.o)
    0x0802449c   0x0000005e   Code   RO         2606    x$fpl$dfix          fz_wm.l(dfix.o)
    0x080244fa   0x00000002   PAD
    0x080244fc   0x0000005a   Code   RO         2610    x$fpl$dfixu         fz_wm.l(dfixu.o)
    0x08024556   0x00000026   Code   RO         2614    x$fpl$dfltu         fz_wm.l(dflt_clz.o)
    0x0802457c   0x00000154   Code   RO         2620    x$fpl$dmul          fz_wm.l(dmul.o)
    0x080246d0   0x0000009c   Code   RO         2650    x$fpl$dnaninf       fz_wm.l(dnaninf.o)
    0x0802476c   0x0000000c   Code   RO         2652    x$fpl$dretinf       fz_wm.l(dretinf.o)
    0x08024778   0x000001d4   Code   RO         2598    x$fpl$dsub          fz_wm.l(daddsub_clz.o)
    0x0802494c   0x00000056   Code   RO         2622    x$fpl$f2d           fz_wm.l(f2d.o)
    0x080249a2   0x0000008c   Code   RO         2654    x$fpl$fnaninf       fz_wm.l(fnaninf.o)
    0x08024a2e   0x0000000a   Code   RO         2744    x$fpl$fpinit        fz_wm.l(fpinit.o)
    0x08024a38   0x00000000   Code   RO         2656    x$fpl$usenofp       fz_wm.l(usenofp.o)
    0x08024a38   0x000017c0   Data   RO          437    .constdata          lcd.o
    0x080261f8   0x0000001c   Data   RO          784    .constdata          stm32f4xx_fsmc.o
    0x08026214   0x000192e0   Data   RO         1103    .constdata          fs.o
    0x0803f4f4   0x00000030   Data   RO         1136    .constdata          httpd.o
    0x0803f524   0x00000010   Data   RO         1185    .constdata          httpd_cgi_ssi.o
    0x0803f534   0x0000000c   Data   RO         1210    .constdata          etharp.o
    0x0803f540   0x00000008   Data   RO         1421    .constdata          ip_addr.o
    0x0803f548   0x00000038   Data   RO         1563    .constdata          memp.o
    0x0803f580   0x00000050   Data   RO         1689    .constdata          tcp.o
    0x0803f5d0   0x00000004   Data   RO         1846    .constdata          sys_arch.o
    0x0803f5d4   0x00000040   Data   RO         2013    .constdata          sockets.o
    0x0803f614   0x00000024   Data   RO         2073    .constdata          malloc.o
    0x0803f638   0x00000104   Data   RO         2134    .constdata          cpu_core.o
    0x0803f73c   0x00000094   Data   RO         2214    .constdata          lib_str.o
    0x0803f7d0   0x000000a4   Data   RO         2235    .constdata          os_cfg_app.o
    0x0803f874   0x0000016c   Data   RO         2266    .constdata          os_dbg.o
    0x0803f9e0   0x00000028   Data   RO         2529    .constdata          c_w.l(_printf_hex_int.o)
    0x0803fa08   0x00000011   Data   RO         2564    .constdata          c_w.l(__printf_flags_ss_wp.o)
    0x0803fa19   0x00000003   PAD
    0x0803fa1c   0x00000028   Data   RO          938    .conststring        usmart.o
    0x0803fa44   0x00000107   Data   RO          961    .conststring        usmart_config.o
    0x0803fb4b   0x00000001   PAD
    0x0803fb4c   0x0000006a   Data   RO         1137    .conststring        httpd.o
    0x0803fbb6   0x00000002   PAD
    0x0803fbb8   0x00000026   Data   RO         1186    .conststring        httpd_cgi_ssi.o
    0x0803fbde   0x00000002   PAD
    0x0803fbe0   0x00000044   Data   RO         1211    .conststring        etharp.o
    0x0803fc24   0x000000a0   Data   RO         1564    .conststring        memp.o
    0x0803fcc4   0x0000006d   Data   RO         1690    .conststring        tcp.o
    0x0803fd31   0x00000003   PAD
    0x0803fd34   0x00000055   Data   RO         1752    .conststring        tcp_out.o
    0x0803fd89   0x00000003   PAD
    0x0803fd8c   0x00000020   Data   RO         2816    Region$$Table       anon$$obj.o
    0x0803fdac   0x00000110   Data   RO         2647    locale$$data        c_w.l(lc_ctype_c.o)


    Execution Region RW_IRAM1 (Base: 0x20000000, Size: 0x0001df10, Max: 0x00020000, ABSOLUTE, COMPRESSED[0x000000e4])

    Base Addr    Size         Type   Attr      Idx    E Section Name        Object

    0x20000000   0x00000014   Data   RW          345    .data               system_stm32f4xx.o
    0x20000014   0x00000001   Data   RW          371    .data               key.o
    0x20000015   0x00000001   PAD
    0x20000016   0x00000004   Data   RW          438    .data               lcd.o
    0x2000001a   0x00000002   PAD
    0x2000001c   0x00000010   Data   RW          474    .data               lan8720.o
    0x2000002c   0x00000010   Data   RW          655    .data               stm32f4xx_rcc.o
    0x2000003c   0x00000010   Data   RW          738    .data               stm32f4x7_eth.o
    0x2000004c   0x00000004   Data   RW          867    .data               delay.o
    0x20000050   0x00000006   Data   RW          908    .data               usart.o
    0x20000056   0x00000002   PAD
    0x20000058   0x0000001c   Data   RW          939    .data               usmart.o
    0x20000074   0x00000124   Data   RW          962    .data               usmart_config.o
    0x20000198   0x00000008   Data   RW         1004    .data               lwip_comm.o
    0x200001a0   0x00000024   Data   RW         1138    .data               httpd.o
    0x200001c4   0x00000010   Data   RW         1187    .data               httpd_cgi_ssi.o
    0x200001d4   0x00000001   Data   RW         1212    .data               etharp.o
    0x200001d5   0x00000003   PAD
    0x200001d8   0x00000012   Data   RW         1378    .data               ip.o
    0x200001ea   0x00000002   PAD
    0x200001ec   0x00000006   Data   RW         1454    .data               ip_frag.o
    0x200001f2   0x00000002   PAD
    0x200001f4   0x0000003c   Data   RW         1565    .data               memp.o
    0x20000230   0x00000009   Data   RW         1603    .data               netif.o
    0x20000239   0x00000003   PAD
    0x2000023c   0x00000004   Data   RW         1653    .data               raw.o
    0x20000240   0x00000024   Data   RW         1691    .data               tcp.o
    0x20000264   0x00000020   Data   RW         1722    .data               tcp_in.o
    0x20000284   0x00000008   Data   RW         1773    .data               timers.o
    0x2000028c   0x00000008   Data   RW         1795    .data               udp.o
    0x20000294   0x00000010   Data   RW         1822    .data               mem.o
    0x200002a4   0x00000008   Data   RW         2014    .data               sockets.o
    0x200002ac   0x00000008   Data   RW         2037    .data               tcpip.o
    0x200002b4   0x00000024   Data   RW         2074    .data               malloc.o
    0x200002d8   0x00000004   Data   RW         2135    .data               cpu_core.o
    0x200002dc   0x00000004   Data   RW         2196    .data               lib_mem.o
    0x200002e0   0x00000004   Data   RW         2341    .data               os_prio.o
    0x200002e4   0x000000b4   Data   RW         2444    .data               os_var.o
    0x20000398   0x00000004   Data   RW         2460    .data               os_cpu_c.o
    0x2000039c   0x0000084c   Zero   RW            4    .bss                main.o
    0x20000be8   0x0000000e   Zero   RW          436    .bss                lcd.o
    0x20000bf6   0x00000002   PAD
    0x20000bf8   0x0000000c   Zero   RW          737    .bss                stm32f4x7_eth.o
    0x20000c04   0x000000c8   Zero   RW          907    .bss                usart.o
    0x20000ccc   0x0000010c   Zero   RW         1003    .bss                lwip_comm.o
    0x20000dd8   0x000000f0   Zero   RW         1102    .bss                fs.o
    0x20000ec8   0x00000400   Zero   RW         1135    .bss                httpd.o
    0x200012c8   0x000000c8   Zero   RW         1209    .bss                etharp.o
    0x20001390   0x00000010   Zero   RW         1420    .bss                ip_addr.o
    0x200013a0   0x00000038   Zero   RW         1562    .bss                memp.o
    0x200013d8   0x00000014   Zero   RW         1721    .bss                tcp_in.o
    0x200013ec   0x00000028   Zero   RW         1821    .bss                mem.o
    0x20001414   0x000000c4   Zero   RW         1845    .bss                sys_arch.o
    0x200014d8   0x00000060   Zero   RW         2012    .bss                sockets.o
    0x20001538   0x00000030   Zero   RW         2036    .bss                tcpip.o
    0x20001568   0x0001a900   Zero   RW         2072    .bss                malloc.o
    0x2001be68   0x00000010   Zero   RW         2133    .bss                cpu_core.o
    0x2001be78   0x00000448   Zero   RW         2195    .bss                lib_mem.o
    0x2001c2c0   0x00001150   Zero   RW         2234    .bss                os_cfg_app.o
    0x2001d410   0x0000049c   Zero   RW         2443    .bss                os_var.o
    0x2001d8ac   0x00000060   Zero   RW         2658    .bss                c_w.l(libspace.o)
    0x2001d90c   0x00000004   PAD
    0x2001d910   0x00000200   Zero   RW          606    HEAP                startup_stm32f40_41xxx.o
    0x2001db10   0x00000400   Zero   RW          605    STACK               startup_stm32f40_41xxx.o



  Load Region LR$$.ARM.__AT_0x10000000 (Base: 0x10000000, Size: 0x00000000, Max: 0x0000f000, ABSOLUTE)

    Execution Region ER$$.ARM.__AT_0x10000000 (Base: 0x10000000, Size: 0x0000f000, Max: 0x0000f000, ABSOLUTE, UNINIT)

    Base Addr    Size         Type   Attr      Idx    E Section Name        Object

    0x10000000   0x0000f000   Zero   RW         2068    .ARM.__AT_0x10000000  malloc.o



  Load Region LR$$.ARM.__AT_0x1000F000 (Base: 0x1000f000, Size: 0x00000000, Max: 0x00000f00, ABSOLUTE)

    Execution Region ER$$.ARM.__AT_0x1000F000 (Base: 0x1000f000, Size: 0x00000f00, Max: 0x00000f00, ABSOLUTE, UNINIT)

    Base Addr    Size         Type   Attr      Idx    E Section Name        Object

    0x1000f000   0x00000f00   Zero   RW         2069    .ARM.__AT_0x1000F000  malloc.o



  Load Region LR$$.ARM.__AT_0x68000000 (Base: 0x68000000, Size: 0x00000000, Max: 0x00032000, ABSOLUTE)

    Execution Region ER$$.ARM.__AT_0x68000000 (Base: 0x68000000, Size: 0x00032000, Max: 0x00032000, ABSOLUTE, UNINIT)

    Base Addr    Size         Type   Attr      Idx    E Section Name        Object

    0x68000000   0x00032000   Zero   RW         2070    .ARM.__AT_0x68000000  malloc.o



  Load Region LR$$.ARM.__AT_0x68032000 (Base: 0x68032000, Size: 0x00000000, Max: 0x00003200, ABSOLUTE)

    Execution Region ER$$.ARM.__AT_0x68032000 (Base: 0x68032000, Size: 0x00003200, Max: 0x00003200, ABSOLUTE, UNINIT)

    Base Addr    Size         Type   Attr      Idx    E Section Name        Object

    0x68032000   0x00003200   Zero   RW         2071    .ARM.__AT_0x68032000  malloc.o


==============================================================================

Image component sizes


      Code (inc. data)   RO Data    RW Data    ZI Data      Debug   Object Name

       220          8          0          0          0       1131   adc.o
      3088        820          0          0          0      17429   api_lib.o
      6228       1226          0          0          0      10135   api_msg.o
        64          4          0          0          0        508   beep.o
       132         14          0          0          0       1183   bsp.o
        52          0          0          0          0        308   cpu_a.o
       680         14        260          4         16      14503   cpu_core.o
        62          0          0          0          0       1206   def.o
       332         26          0          4          0       1793   delay.o
      3708        604         80          1        200       9743   etharp.o
       552        134          0          0          0       4662   ethernetif.o
       264          8     103136          0        240       5956   fs.o
      4768        788        154         36       1024      16262   httpd.o
      1268        206         54         16          0       4472   httpd_cgi_ssi.o
      1060        372          0          0          0       2614   icmp.o
         0          0          0          0          0       5644   inet.o
       692        104          0          0          0       2957   inet_chksum.o
        36          0          0          0          0       4536   init.o
      1024        174          0         18          0       6795   ip.o
       812        112          8          0         16      10515   ip_addr.o
      2600        486          0          6          0       6636   ip_frag.o
       224         20          0          1          0        844   key.o
       912         56          0         16          0       3661   lan8720.o
     19624        168       6080          4         14      22134   lcd.o
       132         10          0          0          0        815   led.o
       598          0          0          0          0       3760   lib_ascii.o
      2502         32          0          4       1096      21808   lib_mem.o
       544          0          0          0          0        456   lib_mem_a.o
      2348          6        148          0          0      13110   lib_str.o
       792        236          0          8        268      26007   lwip_comm.o
      1208        306          0          0       2124     401931   main.o
       564         18         36         36     391680       4751   malloc.o
      1860        568          0         16         40       4066   mem.o
       468        196        216         60         56       3064   memp.o
       224         20          0          0          0       1917   misc.o
       944        340          0          0          0       3917   netbuf.o
       820        126          0          9          0       6273   netif.o
       208        136        164          0       4432      19618   os_cfg_app.o
      3476        272          0          0          0      11975   os_core.o
       172         32          0          0          0        376   os_cpu_a.o
      1016         64          0          4          0       3937   os_cpu_c.o
       424        280        364          0          0       4701   os_dbg.o
      2808         84          0          0          0       7575   os_flag.o
       508         16          0          0          0       2732   os_mem.o
       556         12          0          0          0       2759   os_msg.o
      1932         84          0          0          0       5262   os_mutex.o
       124          4          0          4          0       1844   os_prio.o
      1752         58          0          0          0       6072   os_q.o
      1768         58          0          0          0       6112   os_sem.o
      1448        150          0          0          0       2717   os_stat.o
      4956        188          0          0          0      12846   os_task.o
      1156         74          0          0          0       3309   os_tick.o
      1116         54          0          0          0       3049   os_time.o
      2012        134          0          0          0       6394   os_tmr.o
         0          0          0        180       1180      18073   os_var.o
      4264       1236          0          0          0       9217   pbuf.o
       588        134          0          4          0       3305   raw.o
      1044         30          0          0          0       4806   rtc.o
      7280        666         64          8         96      17454   sockets.o
       676         18          0          0          0       2193   sram.o
        64         26        392          0       1536        816   startup_stm32f40_41xxx.o
      3648         96          0         16         12      19670   stm32f4x7_eth.o
      1124         24          0          0          0      10590   stm32f4xx_adc.o
       272         10          0          0          0       2363   stm32f4xx_exti.o
      1480         18         28          0          0       5718   stm32f4xx_fsmc.o
       660         44          0          0          0       4189   stm32f4xx_gpio.o
        20          0          0          0          0        927   stm32f4xx_it.o
       364         12          0          0          0       3767   stm32f4xx_pwr.o
      1628         52          0         16          0      12984   stm32f4xx_rcc.o
      3432         44          0          0          0      15148   stm32f4xx_rtc.o
       148         12          0          0          0       1881   stm32f4xx_syscfg.o
      3234         60          0          0          0      22392   stm32f4xx_tim.o
      1108         34          0          0          0       7892   stm32f4xx_usart.o
      1168        238          4          0        196       6265   sys_arch.o
       528         46          0         20          0       1719   system_stm32f4xx.o
      5260       1092        189         36          0      21583   tcp.o
      6264        964          0         32         20      14991   tcp_in.o
      4934        954         85          0          0       9663   tcp_out.o
       952        194          0          8         48       9752   tcpip.o
       404         50          0          0          0       1442   temperature.o
       112          4          0          0          0        776   timer.o
       732        178          0          8          0       3187   timers.o
      1460        204          0          8          0       6870   udp.o
       344         16          0          6        200       3242   usart.o
      3132       1290         40         28          0       4218   usmart.o
         0          0        263        292          0       1520   usmart_config.o
      1320         12          0          0          0       5125   usmart_str.o

    ----------------------------------------------------------------------
    144492      16660     111808        924     404496    1002518   Object Totals
         0          0         32          0          0          0   (incl. Generated)
        10          0         11         15          2          0   (incl. Padding)

    ----------------------------------------------------------------------

      Code (inc. data)   RO Data    RW Data    ZI Data      Debug   Library Member Name

        90          0          0          0          0          0   __dczerorl2.o
         8          0          0          0          0         68   __main.o
       392          4         17          0          0         92   __printf_flags_ss_wp.o
        14          0          0          0          0         68   __printf_wp.o
         0          0          0          0          0          0   __rtentry.o
        12          0          0          0          0          0   __rtentry2.o
         6          0          0          0          0          0   __rtentry4.o
        52          8          0          0          0          0   __scatter.o
        28          0          0          0          0          0   __scatter_zi.o
         6          0          0          0          0          0   _printf_c.o
        44          0          0          0          0        108   _printf_char.o
        48          6          0          0          0         96   _printf_char_common.o
        36          4          0          0          0         80   _printf_char_file.o
         6          0          0          0          0          0   _printf_d.o
       120         16          0          0          0         92   _printf_dec.o
        88          4         40          0          0         88   _printf_hex_int.o
       178          0          0          0          0         88   _printf_intcommon.o
        78          0          0          0          0        108   _printf_pad.o
         0          0          0          0          0          0   _printf_percent.o
         4          0          0          0          0          0   _printf_percent_end.o
         6          0          0          0          0          0   _printf_s.o
        82          0          0          0          0         80   _printf_str.o
         6          0          0          0          0          0   _printf_u.o
         6          0          0          0          0          0   _printf_x.o
        10          0          0          0          0         68   _sputc.o
        12          0          0          0          0         72   exit.o
         8          0          0          0          0         68   ferror.o
         6          0          0          0          0        152   heapauxi.o
        44         10        272          0          0         76   lc_ctype_c.o
         2          0          0          0          0          0   libinit.o
        24          0          0          0          0          0   libinit2.o
         2          0          0          0          0          0   libshutdown.o
         2          0          0          0          0          0   libshutdown2.o
         8          4          0          0         96         68   libspace.o
       238          0          0          0          0        100   lludivv7m.o
        88          0          0          0          0         76   memcmp.o
        24          4          0          0          0         84   noretval__2printf.o
        40          6          0          0          0         84   noretval__2sprintf.o
        16          4          0          0          0         76   rt_ctype_table.o
         8          4          0          0          0         68   rt_locale_intlibspace.o
        68          0          0          0          0         68   rt_memclr.o
        78          0          0          0          0         80   rt_memclr_w.o
       138          0          0          0          0         68   rt_memcpy_v6.o
       100          0          0          0          0         80   rt_memcpy_w.o
         2          0          0          0          0          0   rtexit.o
        10          0          0          0          0          0   rtexit2.o
        20          0          0          0          0         68   strchr.o
       128          0          0          0          0         68   strcmpv7m.o
        62          0          0          0          0         76   strlen.o
       150          0          0          0          0         80   strncmp.o
        36          0          0          0          0         80   strstr.o
        74          0          0          0          0         80   sys_stackheap_outer.o
         2          0          0          0          0         68   use_no_semi.o
         2          0          0          0          0         68   use_no_semi_2.o
       804         16          0          0          0        368   daddsub_clz.o
       688        140          0          0          0        256   ddiv.o
        94          4          0          0          0        140   dfix.o
        90          4          0          0          0        140   dfixu.o
        38          0          0          0          0        116   dflt_clz.o
       340         12          0          0          0        152   dmul.o
       156          4          0          0          0        140   dnaninf.o
        12          0          0          0          0        116   dretinf.o
        86          4          0          0          0        132   f2d.o
       140          4          0          0          0        132   fnaninf.o
        10          0          0          0          0        116   fpinit.o
         0          0          0          0          0          0   usenofp.o

    ----------------------------------------------------------------------
      5188        262        332          0        100       4652   Library Totals
        18          0          3          0          4          0   (incl. Padding)

    ----------------------------------------------------------------------

      Code (inc. data)   RO Data    RW Data    ZI Data      Debug   Library Name

      2712         74        329          0         96       2844   c_w.l
      2458        188          0          0          0       1808   fz_wm.l

    ----------------------------------------------------------------------
      5188        262        332          0        100       4652   Library Totals

    ----------------------------------------------------------------------

==============================================================================


      Code (inc. data)   RO Data    RW Data    ZI Data      Debug   

    149680      16922     112140        924     404596     985958   Grand Totals
    149680      16922     112140        228     404596     985958   ELF Image Totals (compressed)
    149680      16922     112140        228          0          0   ROM Totals

==============================================================================

    Total RO  Size (Code + RO Data)               261820 ( 255.68kB)
    Total RW  Size (RW Data + ZI Data)            405520 ( 396.02kB)
    Total ROM Size (Code + RO Data + RW Data)     262048 ( 255.91kB)

==============================================================================

