Component: ARM Compiler 5.05 update 1 (build 106) Tool: armlink [4d0efa]

==============================================================================

Section Cross References

    main.o(.text) refers to _printf_percent.o(.ARM.Collect$$_printf_percent$$00000000) for _printf_percent
    main.o(.text) refers to _printf_d.o(.ARM.Collect$$_printf_percent$$00000009) for _printf_d
    main.o(.text) refers to _printf_dec.o(.text) for _printf_int_dec
    main.o(.text) refers to noretval__2sprintf.o(.text) for __2sprintf
    main.o(.text) refers to lcd.o(.text) for LCD_ShowString
    main.o(.text) refers to os_task.o(.text) for OS_TaskSuspend
    main.o(.text) refers to os_time.o(.text) for OSTimeDlyHMSM
    main.o(.text) refers to cpu_core.o(.text) for CPU_Init
    main.o(.text) refers to os_stat.o(.text) for OSStatTaskCPUUsageInit
    main.o(.text) refers to os_core.o(.text) for OSSchedRoundRobinCfg
    main.o(.text) refers to lwip_comm.o(.text) for lwip_comm_dhcp_creat
    main.o(.text) refers to cpu_a.o(.text) for CPU_SR_Save
    main.o(.text) refers to delay.o(.text) for delay_init
    main.o(.text) refers to misc.o(.text) for NVIC_PriorityGroupConfig
    main.o(.text) refers to usart.o(.text) for uart_init
    main.o(.text) refers to led.o(.text) for LED_Init
    main.o(.text) refers to key.o(.text) for KEY_Init
    main.o(.text) refers to beep.o(.text) for BEEP_Init
    main.o(.text) refers to rtc.o(.text) for RTC_Timer_Init
    main.o(.text) refers to adc.o(.text) for Adc_Init
    main.o(.text) refers to temperature.o(.text) for Adc_Temperate_Init
    main.o(.text) refers to sram.o(.text) for FSMC_SRAM_Init
    main.o(.text) refers to malloc.o(.text) for mymem_init
    main.o(.text) refers to httpd.o(.text) for httpd_init
    main.o(.text) refers to lwip_comm.o(.bss) for lwipdev
    main.o(.text) refers to main.o(.bss) for DisplayTaskTCB
    main.o(.text) refers to usmart_config.o(.data) for usmart_dev
    main.o(.text) refers to lcd.o(.data) for POINT_COLOR
    system_stm32f4xx.o(.text) refers to system_stm32f4xx.o(.data) for SystemCoreClock
    key.o(.text) refers to stm32f4xx_rcc.o(.text) for RCC_AHB1PeriphClockCmd
    key.o(.text) refers to stm32f4xx_gpio.o(.text) for GPIO_Init
    key.o(.text) refers to delay.o(.text) for delay_ms
    key.o(.text) refers to key.o(.data) for key_up
    led.o(.text) refers to stm32f4xx_rcc.o(.text) for RCC_AHB1PeriphClockCmd
    led.o(.text) refers to stm32f4xx_gpio.o(.text) for GPIO_Init
    timer.o(.text) refers to stm32f4xx_rcc.o(.text) for RCC_APB1PeriphClockCmd
    timer.o(.text) refers to stm32f4xx_tim.o(.text) for TIM_TimeBaseInit
    timer.o(.text) refers to misc.o(.text) for NVIC_Init
    lcd.o(.text) refers to _printf_percent.o(.ARM.Collect$$_printf_percent$$00000000) for _printf_percent
    lcd.o(.text) refers to _printf_x.o(.ARM.Collect$$_printf_percent$$0000000C) for _printf_x
    lcd.o(.text) refers to _printf_hex_int.o(.text) for _printf_longlong_hex
    lcd.o(.text) refers to delay.o(.text) for delay_us
    lcd.o(.text) refers to lcd.o(.bss) for lcddev
    lcd.o(.text) refers to lcd.o(.data) for POINT_COLOR
    lcd.o(.text) refers to dflt_clz.o(x$fpl$dfltu) for __aeabi_ui2d
    lcd.o(.text) refers to dmul.o(x$fpl$dmul) for __aeabi_dmul
    lcd.o(.text) refers to dfixu.o(x$fpl$dfixu) for __aeabi_d2uiz
    lcd.o(.text) refers to stm32f4xx_rcc.o(.text) for RCC_AHB1PeriphClockCmd
    lcd.o(.text) refers to stm32f4xx_gpio.o(.text) for GPIO_Init
    lcd.o(.text) refers to stm32f4xx_fsmc.o(.text) for FSMC_NORSRAMInit
    lcd.o(.text) refers to noretval__2printf.o(.text) for __2printf
    lcd.o(.text) refers to lcd.o(.constdata) for asc2_1206
    lan8720.o(.text) refers to stm32f4xx_rcc.o(.text) for RCC_AHB1PeriphClockCmd
    lan8720.o(.text) refers to stm32f4x7_eth.o(.text) for ETH_DeInit
    lan8720.o(.text) refers to misc.o(.text) for NVIC_Init
    lan8720.o(.text) refers to stm32f4xx_syscfg.o(.text) for SYSCFG_ETH_MediaInterfaceConfig
    lan8720.o(.text) refers to stm32f4xx_gpio.o(.text) for GPIO_Init
    lan8720.o(.text) refers to delay.o(.text) for delay_ms
    lan8720.o(.text) refers to lwip_comm.o(.text) for lwip_pkt_handle
    lan8720.o(.text) refers to malloc.o(.text) for myfree
    lan8720.o(.text) refers to stm32f4x7_eth.o(.data) for DMARxDescToGet
    lan8720.o(.text) refers to lan8720.o(.data) for DMARxDscrTab
    sram.o(.text) refers to stm32f4xx_rcc.o(.text) for RCC_AHB1PeriphClockCmd
    sram.o(.text) refers to stm32f4xx_gpio.o(.text) for GPIO_Init
    sram.o(.text) refers to stm32f4xx_fsmc.o(.text) for FSMC_NORSRAMInit
    adc.o(.text) refers to stm32f4xx_rcc.o(.text) for RCC_APB2PeriphClockCmd
    adc.o(.text) refers to stm32f4xx_gpio.o(.text) for GPIO_Init
    adc.o(.text) refers to stm32f4xx_adc.o(.text) for ADC_CommonInit
    adc.o(.text) refers to delay.o(.text) for delay_ms
    beep.o(.text) refers to stm32f4xx_rcc.o(.text) for RCC_AHB1PeriphClockCmd
    beep.o(.text) refers to stm32f4xx_gpio.o(.text) for GPIO_Init
[...]
    Str_Char_N                               0x0801e8dd   Thumb Code    74  lib_str.o(.text)
    Str_Char                                 0x0801e927   Thumb Code    24  lib_str.o(.text)
    Str_Char_Last_N                          0x0801e93f   Thumb Code    76  lib_str.o(.text)
    Str_Char_Last                            0x0801e98b   Thumb Code    24  lib_str.o(.text)
    Str_Char_Replace_N                       0x0801e9a3   Thumb Code    52  lib_str.o(.text)
    Str_Char_Replace                         0x0801e9d7   Thumb Code    28  lib_str.o(.text)
    Str_Str_N                                0x0801e9f3   Thumb Code   182  lib_str.o(.text)
    Str_Str                                  0x0801eaa9   Thumb Code    24  lib_str.o(.text)
    Str_FmtNbr_Int32U                        0x0801ec9d   Thumb Code    46  lib_str.o(.text)
    Str_FmtNbr_Int32S                        0x0801eccb   Thumb Code    62  lib_str.o(.text)
    Str_ParseNbr_Int32U                      0x0801eec7   Thumb Code    30  lib_str.o(.text)
    Str_ParseNbr_Int32S                      0x0801eee5   Thumb Code    74  lib_str.o(.text)
    Mem_Copy                                 0x0801ef35   Thumb Code     0  lib_mem_a.o(.text)
    OSCfg_Init                               0x0801f155   Thumb Code    72  os_cfg_app.o(.text)
    OS_IdleTask                              0x0801f225   Thumb Code    60  os_core.o(.text)
    OS_IdleTaskInit                          0x0801f261   Thumb Code    68  os_core.o(.text)
    OS_RdyListInit                           0x0801f2a5   Thumb Code    32  os_core.o(.text)
    OSInit                                   0x0801f2c5   Thumb Code   288  os_core.o(.text)
    OSIntEnter                               0x0801f3e5   Thumb Code    34  os_core.o(.text)
    OSIntExit                                0x0801f407   Thumb Code   188  os_core.o(.text)
    OSSched                                  0x0801f4c3   Thumb Code   130  os_core.o(.text)
    OS_SchedLockTimeMeasStart                0x0801f545   Thumb Code    20  os_core.o(.text)
    OSSchedLock                              0x0801f559   Thumb Code   104  os_core.o(.text)
    OS_SchedLockTimeMeasStop                 0x0801f5c1   Thumb Code    44  os_core.o(.text)
    OSSchedUnlock                            0x0801f5ed   Thumb Code   288  os_core.o(.text)
    OSSchedRoundRobinCfg                     0x0801f70d   Thumb Code    88  os_core.o(.text)
    OS_RdyListMoveHeadToTail                 0x0801f765   Thumb Code    68  os_core.o(.text)
    OSSchedRoundRobinYield                   0x0801f7a9   Thumb Code   164  os_core.o(.text)
    OSStart                                  0x0801f84d   Thumb Code    78  os_core.o(.text)
    OSVersion                                0x0801f89b   Thumb Code    12  os_core.o(.text)
    OS_PendDbgNameAdd                        0x0801f8a7   Thumb Code    66  os_core.o(.text)
    OS_PendListInsertPrio                    0x0801f8e9   Thumb Code   102  os_core.o(.text)
    OS_PendDataInit                          0x0801f94f   Thumb Code    38  os_core.o(.text)
    OS_RdyListRemove                         0x0801f975   Thumb Code    86  os_core.o(.text)
    OS_TaskBlock                             0x0801f9cb   Thumb Code    56  os_core.o(.text)
    OS_Pend                                  0x0801fa03   Thumb Code    98  os_core.o(.text)
    OS_PendListRemove1                       0x0801fa65   Thumb Code   136  os_core.o(.text)
    OS_PendListRemove                        0x0801faed   Thumb Code    48  os_core.o(.text)
    OS_PendAbort1                            0x0801fb1d   Thumb Code    36  os_core.o(.text)
    OS_RdyListInsertHead                     0x0801fb41   Thumb Code    58  os_core.o(.text)
    OS_RdyListInsertTail                     0x0801fb7b   Thumb Code    56  os_core.o(.text)
    OS_RdyListInsert                         0x0801fbb3   Thumb Code    40  os_core.o(.text)
    OS_TaskRdy                               0x0801fbdb   Thumb Code    28  os_core.o(.text)
    OS_PendAbort                             0x0801fbf7   Thumb Code   166  os_core.o(.text)
    OS_PendDbgNameRemove                     0x0801fc9d   Thumb Code    34  os_core.o(.text)
    OS_PendListChangePrio                    0x0801fcbf   Thumb Code    70  os_core.o(.text)
    OS_PendListInit                          0x0801fd05   Thumb Code    10  os_core.o(.text)
    OS_PendListInsertHead                    0x0801fd0f   Thumb Code    32  os_core.o(.text)
    OS_PendObjDel1                           0x0801fd2f   Thumb Code    36  os_core.o(.text)
    OS_PendObjDel                            0x0801fd53   Thumb Code   162  os_core.o(.text)
    OS_Post1                                 0x0801fdf5   Thumb Code    42  os_core.o(.text)
    OS_Post                                  0x0801fe1f   Thumb Code   192  os_core.o(.text)
    OS_SchedRoundRobin                       0x0801fedf   Thumb Code   208  os_core.o(.text)
    OS_Dbg_Init                              0x0801ffb9   Thumb Code   144  os_dbg.o(.text)
    OS_FlagDbgListAdd                        0x08020161   Thumb Code    38  os_flag.o(.text)
    OSFlagCreate                             0x08020187   Thumb Code   116  os_flag.o(.text)
    OS_FlagClr                               0x080201fb   Thumb Code    28  os_flag.o(.text)
    OS_FlagDbgListRemove                     0x08020217   Thumb Code    44  os_flag.o(.text)
    OSFlagDel                                0x08020243   Thumb Code   306  os_flag.o(.text)
    OS_FlagBlock                             0x08020375   Thumb Code    58  os_flag.o(.text)
    OSFlagPend                               0x080203af   Thumb Code  1248  os_flag.o(.text)
    OSFlagPendAbort                          0x0802088f   Thumb Code   236  os_flag.o(.text)
    OSFlagPendGetFlagsRdy                    0x0802097b   Thumb Code    86  os_flag.o(.text)
    OS_FlagTaskRdy                           0x080209d1   Thumb Code    86  os_flag.o(.text)
    OS_FlagPost                              0x08020a27   Thumb Code   418  os_flag.o(.text)
    OSFlagPost                               0x08020bc9   Thumb Code   112  os_flag.o(.text)
    OS_FlagInit                              0x08020c39   Thumb Code    14  os_flag.o(.text)
    OS_MemDbgListAdd                         0x08020c59   Thumb Code    34  os_mem.o(.text)
    OSMemCreate                              0x08020c7b   Thumb Code   232  os_mem.o(.text)
    OSMemGet                                 0x08020d63   Thumb Code   100  os_mem.o(.text)
    OSMemPut                                 0x08020dc7   Thumb Code   112  os_mem.o(.text)
    OS_MemInit                               0x08020e37   Thumb Code    14  os_mem.o(.text)
    OS_MsgPoolCreate                         0x08020e55   Thumb Code    54  os_msg.o(.text)
    OS_MsgPoolInit                           0x08020e8b   Thumb Code    70  os_msg.o(.text)
    OS_MsgQFreeAll                           0x08020ed1   Thumb Code    62  os_msg.o(.text)
    OS_MsgQInit                              0x08020f0f   Thumb Code    14  os_msg.o(.text)
    OS_MsgQGet                               0x08020f1d   Thumb Code    98  os_msg.o(.text)
    OS_MsgQPut                               0x08020f7f   Thumb Code   246  os_msg.o(.text)
    OS_MutexDbgListAdd                       0x08021081   Thumb Code    38  os_mutex.o(.text)
    OSMutexCreate                            0x080210a7   Thumb Code   122  os_mutex.o(.text)
    OS_MutexClr                              0x08021121   Thumb Code    38  os_mutex.o(.text)
    OS_MutexDbgListRemove                    0x08021147   Thumb Code    44  os_mutex.o(.text)
    OSMutexDel                               0x08021173   Thumb Code   442  os_mutex.o(.text)
    OSMutexPend                              0x0802132d   Thumb Code   618  os_mutex.o(.text)
    OSMutexPendAbort                         0x08021597   Thumb Code   236  os_mutex.o(.text)
    OSMutexPost                              0x08021683   Thumb Code   354  os_mutex.o(.text)
    OS_MutexInit                             0x080217e5   Thumb Code    14  os_mutex.o(.text)
    OS_PrioInit                              0x0802180d   Thumb Code    20  os_prio.o(.text)
    OS_PrioGetHighest                        0x08021821   Thumb Code    36  os_prio.o(.text)
    OS_PrioInsert                            0x08021845   Thumb Code    32  os_prio.o(.text)
    OS_PrioRemove                            0x08021865   Thumb Code    32  os_prio.o(.text)
    OS_QDbgListAdd                           0x08021889   Thumb Code    38  os_q.o(.text)
    OSQCreate                                0x080218af   Thumb Code   130  os_q.o(.text)
    OS_QClr                                  0x08021931   Thumb Code    40  os_q.o(.text)
    OS_QDbgListRemove                        0x08021959   Thumb Code    44  os_q.o(.text)
    OSQDel                                   0x08021985   Thumb Code   306  os_q.o(.text)
    OSQFlush                                 0x08021ab7   Thumb Code   106  os_q.o(.text)
    OSQPend                                  0x08021b21   Thumb Code   484  os_q.o(.text)
    OSQPendAbort                             0x08021d05   Thumb Code   236  os_q.o(.text)
    OS_QPost                                 0x08021df1   Thumb Code   190  os_q.o(.text)
    OSQPost                                  0x08021eaf   Thumb Code   144  os_q.o(.text)
    OS_QInit                                 0x08021f3f   Thumb Code    14  os_q.o(.text)
    OS_SemDbgListAdd                         0x08021f61   Thumb Code    38  os_sem.o(.text)
    OSSemCreate                              0x08021f87   Thumb Code   116  os_sem.o(.text)
    OS_SemClr                                0x08021ffb   Thumb Code    28  os_sem.o(.text)
    OS_SemDbgListRemove                      0x08022017   Thumb Code    44  os_sem.o(.text)
    OSSemDel                                 0x08022043   Thumb Code   306  os_sem.o(.text)
    OSSemPend                                0x08022175   Thumb Code   406  os_sem.o(.text)
    OSSemPendAbort                           0x0802230b   Thumb Code   278  os_sem.o(.text)
    OS_SemPost                               0x08022421   Thumb Code   294  os_sem.o(.text)
    OSSemPost                                0x08022547   Thumb Code   108  os_sem.o(.text)
    OSSemSet                                 0x080225b3   Thumb Code   120  os_sem.o(.text)
    OS_SemInit                               0x0802262b   Thumb Code    14  os_sem.o(.text)
    OSStatReset                              0x08022649   Thumb Code   262  os_stat.o(.text)
    OSStatTaskCPUUsageInit                   0x0802274f   Thumb Code   212  os_stat.o(.text)
    OS_StatTask                              0x08022823   Thumb Code   768  os_stat.o(.text)
    OS_StatTaskInit                          0x08022b23   Thumb Code   138  os_stat.o(.text)
    OSTaskChangePrio                         0x08022bf1   Thumb Code   274  os_task.o(.text)
    OS_TaskDbgListAdd                        0x08022d03   Thumb Code    42  os_task.o(.text)
    OS_TaskInitTCB                           0x08022d2d   Thumb Code   186  os_task.o(.text)
    OSTaskCreate                             0x08022de7   Thumb Code   412  os_task.o(.text)
    OS_TaskDbgListRemove                     0x08022f83   Thumb Code    64  os_task.o(.text)
    OSTaskDel                                0x08022fc3   Thumb Code   324  os_task.o(.text)
    OSTaskQFlush                             0x08023107   Thumb Code   110  os_task.o(.text)
    OSTaskQPend                              0x08023175   Thumb Code   458  os_task.o(.text)
    OSTaskQPendAbort                         0x0802333f   Thumb Code   206  os_task.o(.text)
    OS_TaskQPost                             0x0802340d   Thumb Code   220  os_task.o(.text)
    OSTaskQPost                              0x080234e9   Thumb Code    82  os_task.o(.text)
    OSTaskRegGet                             0x0802353b   Thumb Code    78  os_task.o(.text)
    OSTaskRegGetID                           0x08023589   Thumb Code    84  os_task.o(.text)
    OSTaskRegSet                             0x080235dd   Thumb Code    78  os_task.o(.text)
    OS_TaskResume                            0x0802362b   Thumb Code   256  os_task.o(.text)
    OSTaskResume                             0x0802372b   Thumb Code    96  os_task.o(.text)
    OSTaskSemPend                            0x0802378b   Thumb Code   478  os_task.o(.text)
    OSTaskSemPendAbort                       0x08023969   Thumb Code   214  os_task.o(.text)
    OS_TaskSemPost                           0x08023a3f   Thumb Code   448  os_task.o(.text)
    OSTaskSemPost                            0x08023bff   Thumb Code    76  os_task.o(.text)
    OSTaskSemSet                             0x08023c4b   Thumb Code    80  os_task.o(.text)
    OSTaskStkChk                             0x08023c9b   Thumb Code   204  os_task.o(.text)
    OS_TaskSuspend                           0x08023d67   Thumb Code   272  os_task.o(.text)
    OSTaskSuspend                            0x08023e77   Thumb Code    48  os_task.o(.text)
    OSTaskTimeQuantaSet                      0x08023ea7   Thumb Code    96  os_task.o(.text)
    OS_TaskInit                              0x08023f07   Thumb Code    18  os_task.o(.text)
    OS_TaskReturn                            0x08023f19   Thumb Code    20  os_task.o(.text)
    OS_TickListRemove                        0x08023f4d   Thumb Code    56  os_tick.o(.text)
    OS_TickListUpdate                        0x08023f85   Thumb Code   376  os_tick.o(.text)
    OS_TickTask                              0x080240fd   Thumb Code    38  os_tick.o(.text)
    OS_TickListInit                          0x08024123   Thumb Code    32  os_tick.o(.text)
    OS_TickTaskInit                          0x08024143   Thumb Code   130  os_tick.o(.text)
    OS_TickListInsert                        0x080241c5   Thumb Code   430  os_tick.o(.text)
    OS_TickListResetPeak                     0x08024373   Thumb Code    94  os_tick.o(.text)
    OSTimeDly                                0x080243d1   Thumb Code   182  os_time.o(.text)
    OSTimeDlyHMSM                            0x08024487   Thumb Code   394  os_time.o(.text)
    OSTimeDlyResume                          0x08024611   Thumb Code   334  os_time.o(.text)
    OSTimeGet                                0x0802475f   Thumb Code    46  os_time.o(.text)
    OSTimeSet                                0x0802478d   Thumb Code    68  os_time.o(.text)
    OSTimeTick                               0x080247d1   Thumb Code    68  os_time.o(.text)
    OS_TmrDbgListAdd                         0x0802482d   Thumb Code    34  os_tmr.o(.text)
    OSTmrCreate                              0x0802484f   Thumb Code   192  os_tmr.o(.text)
    OS_TmrClr                                0x0802490f   Thumb Code    36  os_tmr.o(.text)
    OS_TmrUnlink                             0x08024933   Thumb Code    72  os_tmr.o(.text)
    OS_TmrDbgListRemove                      0x0802497b   Thumb Code    44  os_tmr.o(.text)
    OSTmrDel                                 0x080249a7   Thumb Code   176  os_tmr.o(.text)
    OSTmrRemainGet                           0x08024a57   Thumb Code   184  os_tmr.o(.text)
    OS_TmrLink                               0x08024b0f   Thumb Code   196  os_tmr.o(.text)
    OSTmrStart                               0x08024bd3   Thumb Code   208  os_tmr.o(.text)
    OSTmrStateGet                            0x08024ca3   Thumb Code   134  os_tmr.o(.text)
    OSTmrStop                                0x08024d29   Thumb Code   232  os_tmr.o(.text)
    OS_TmrTask                               0x08024e11   Thumb Code   176  os_tmr.o(.text)
    OS_TmrInit                               0x08024ec1   Thumb Code   208  os_tmr.o(.text)
    OS_TmrResetPeak                          0x08024f91   Thumb Code    28  os_tmr.o(.text)
    OSIdleTaskHook                           0x08025009   Thumb Code    16  os_cpu_c.o(.text)
    OSInitHook                               0x08025019   Thumb Code    28  os_cpu_c.o(.text)
    OSStatTaskHook                           0x08025035   Thumb Code    16  os_cpu_c.o(.text)
    OSTaskCreateHook                         0x08025045   Thumb Code    20  os_cpu_c.o(.text)
    OSTaskDelHook                            0x08025059   Thumb Code    20  os_cpu_c.o(.text)
    OSTaskReturnHook                         0x0802506d   Thumb Code    20  os_cpu_c.o(.text)
    OSTaskStkInit                            0x08025081   Thumb Code   600  os_cpu_c.o(.text)
    OSTaskSwHook                             0x080252d9   Thumb Code   120  os_cpu_c.o(.text)
    OSTimeTickHook                           0x08025351   Thumb Code    16  os_cpu_c.o(.text)
    OS_CPU_SysTickHandler                    0x08025361   Thumb Code    52  os_cpu_c.o(.text)
    OS_CPU_SysTickInit                       0x08025395   Thumb Code    44  os_cpu_c.o(.text)
    __use_no_semihosting                     0x08025401   Thumb Code     2  use_no_semi_2.o(.text)
    __rt_ctype_table                         0x08025405   Thumb Code    16  rt_ctype_table.o(.text)
    __aeabi_uldivmod                         0x08025415   Thumb Code     0  lludivv7m.o(.text)
    _ll_udiv                                 0x08025415   Thumb Code   238  lludivv7m.o(.text)
    __2printf                                0x08025505   Thumb Code    20  noretval__2printf.o(.text)
    __2sprintf                               0x0802551d   Thumb Code    34  noretval__2sprintf.o(.text)
    _printf_pre_padding                      0x08025545   Thumb Code    44  _printf_pad.o(.text)
    _printf_post_padding                     0x08025571   Thumb Code    34  _printf_pad.o(.text)
    _printf_str                              0x08025593   Thumb Code    82  _printf_str.o(.text)
    _printf_int_dec                          0x080255e5   Thumb Code   104  _printf_dec.o(.text)
    _printf_int_hex                          0x0802565d   Thumb Code    84  _printf_hex_int.o(.text)
    _printf_longlong_hex                     0x0802565d   Thumb Code     0  _printf_hex_int.o(.text)
    __printf                                 0x080256b5   Thumb Code   388  __printf_flags_ss_wp.o(.text)
    strchr                                   0x0802583d   Thumb Code    20  strchr.o(.text)
    strstr                                   0x08025851   Thumb Code    36  strstr.o(.text)
    memcmp                                   0x08025875   Thumb Code    88  memcmp.o(.text)
    strlen                                   0x080258cd   Thumb Code    62  strlen.o(.text)
    strncmp                                  0x0802590b   Thumb Code   150  strncmp.o(.text)
    __aeabi_memcpy                           0x080259a1   Thumb Code     0  rt_memcpy_v6.o(.text)
    __rt_memcpy                              0x080259a1   Thumb Code   138  rt_memcpy_v6.o(.text)
    _memcpy_lastbytes                        0x08025a07   Thumb Code     0  rt_memcpy_v6.o(.text)
    __aeabi_memcpy4                          0x08025a2b   Thumb Code     0  rt_memcpy_w.o(.text)
    __aeabi_memcpy8                          0x08025a2b   Thumb Code     0  rt_memcpy_w.o(.text)
    __rt_memcpy_w                            0x08025a2b   Thumb Code   100  rt_memcpy_w.o(.text)
    _memcpy_lastbytes_aligned                0x08025a73   Thumb Code     0  rt_memcpy_w.o(.text)
    __aeabi_memclr                           0x08025a8f   Thumb Code     0  rt_memclr.o(.text)
    __rt_memclr                              0x08025a8f   Thumb Code    68  rt_memclr.o(.text)
    _memset                                  0x08025a93   Thumb Code     0  rt_memclr.o(.text)
    __aeabi_memclr4                          0x08025ad3   Thumb Code     0  rt_memclr_w.o(.text)
    __aeabi_memclr8                          0x08025ad3   Thumb Code     0  rt_memclr_w.o(.text)
    __rt_memclr_w                            0x08025ad3   Thumb Code    78  rt_memclr_w.o(.text)
    _memset_w                                0x08025ad7   Thumb Code     0  rt_memclr_w.o(.text)
    strcmp                                   0x08025b21   Thumb Code   128  strcmpv7m.o(.text)
    __use_two_region_memory                  0x08025ba1   Thumb Code     2  heapauxi.o(.text)
    __rt_heap_escrow$2region                 0x08025ba3   Thumb Code     2  heapauxi.o(.text)
    __rt_heap_expand$2region                 0x08025ba5   Thumb Code     2  heapauxi.o(.text)
    __I$use$semihosting                      0x08025ba7   Thumb Code     0  use_no_semi.o(.text)
    __use_no_semihosting_swi                 0x08025ba7   Thumb Code     2  use_no_semi.o(.text)
    __rt_locale                              0x08025ba9   Thumb Code     8  rt_locale_intlibspace.o(.text)
    _printf_int_common                       0x08025bb1   Thumb Code   178  _printf_intcommon.o(.text)
    _printf_char_common                      0x08025c6f   Thumb Code    32  _printf_char_common.o(.text)
    _sputc                                   0x08025c95   Thumb Code    10  _sputc.o(.text)
    _printf_cs_common                        0x08025c9f   Thumb Code    20  _printf_char.o(.text)
    _printf_char                             0x08025cb3   Thumb Code    16  _printf_char.o(.text)
    _printf_string                           0x08025cc3   Thumb Code     8  _printf_char.o(.text)
    _printf_char_file                        0x08025ccd   Thumb Code    32  _printf_char_file.o(.text)
    __user_libspace                          0x08025cf1   Thumb Code     8  libspace.o(.text)
    __user_perproc_libspace                  0x08025cf1   Thumb Code     0  libspace.o(.text)
    __user_perthread_libspace                0x08025cf1   Thumb Code     0  libspace.o(.text)
    ferror                                   0x08025cf9   Thumb Code     8  ferror.o(.text)
    __user_setup_stackheap                   0x08025d01   Thumb Code    74  sys_stackheap_outer.o(.text)
    exit                                     0x08025d4b   Thumb Code    12  exit.o(.text)
    OSStartHighRdy                           0x08025d59   Thumb Code     0  os_cpu_a.o(CODE)
    OSCtxSw                                  0x08025d7b   Thumb Code     0  os_cpu_a.o(CODE)
    OSIntCtxSw                               0x08025d85   Thumb Code     0  os_cpu_a.o(CODE)
    PendSV_Handler                           0x08025d8f   Thumb Code     0  os_cpu_a.o(CODE)
    _is_digit                                0x08025e05   Thumb Code    14  __printf_wp.o(i._is_digit)
    _get_lc_ctype                            0x08025e15   Thumb Code    44  lc_ctype_c.o(locale$$code)
    __aeabi_dadd                             0x08025e41   Thumb Code     0  daddsub_clz.o(x$fpl$dadd)
    _dadd                                    0x08025e41   Thumb Code   332  daddsub_clz.o(x$fpl$dadd)
    __aeabi_ddiv                             0x08025f91   Thumb Code     0  ddiv.o(x$fpl$ddiv)
    _ddiv                                    0x08025f91   Thumb Code   552  ddiv.o(x$fpl$ddiv)
    __aeabi_d2iz                             0x08026241   Thumb Code     0  dfix.o(x$fpl$dfix)
    _dfix                                    0x08026241   Thumb Code    94  dfix.o(x$fpl$dfix)
    __aeabi_d2uiz                            0x080262a1   Thumb Code     0  dfixu.o(x$fpl$dfixu)
    _dfixu                                   0x080262a1   Thumb Code    90  dfixu.o(x$fpl$dfixu)
    __aeabi_ui2d                             0x080262fb   Thumb Code     0  dflt_clz.o(x$fpl$dfltu)
    _dfltu                                   0x080262fb   Thumb Code    38  dflt_clz.o(x$fpl$dfltu)
    __aeabi_dmul                             0x08026321   Thumb Code     0  dmul.o(x$fpl$dmul)
    _dmul                                    0x08026321   Thumb Code   332  dmul.o(x$fpl$dmul)
    __fpl_dnaninf                            0x08026475   Thumb Code   156  dnaninf.o(x$fpl$dnaninf)
    __fpl_dretinf                            0x08026511   Thumb Code    12  dretinf.o(x$fpl$dretinf)
    __aeabi_dsub                             0x0802651d   Thumb Code     0  daddsub_clz.o(x$fpl$dsub)
    _dsub                                    0x0802651d   Thumb Code   464  daddsub_clz.o(x$fpl$dsub)
    __aeabi_f2d                              0x080266f1   Thumb Code     0  f2d.o(x$fpl$f2d)
    _f2d                                     0x080266f1   Thumb Code    86  f2d.o(x$fpl$f2d)
    __fpl_fnaninf                            0x08026747   Thumb Code   140  fnaninf.o(x$fpl$fnaninf)
    _fp_init                                 0x080267d3   Thumb Code    10  fpinit.o(x$fpl$fpinit)
    __fplib_config_fpu_vfp                   0x080267db   Thumb Code     0  fpinit.o(x$fpl$fpinit)
    __fplib_config_pureend_doubles           0x080267db   Thumb Code     0  fpinit.o(x$fpl$fpinit)
    __I$use$fp                               0x080267dc   Number         0  usenofp.o(x$fpl$usenofp)
    asc2_1206                                0x080267dc   Data        1140  lcd.o(.constdata)
    asc2_1608                                0x08026c50   Data        1520  lcd.o(.constdata)
    asc2_2412                                0x08027240   Data        3420  lcd.o(.constdata)
    FSMC_DefaultTimingStruct                 0x08027f9c   Data          28  stm32f4xx_fsmc.o(.constdata)
    file__image_head_jpg                     0x080411bc   Data          20  fs.o(.constdata)
    file__image_stm32_jpg                    0x080411d0   Data          20  fs.o(.constdata)
    file__image_tab_jpg                      0x080411e4   Data          20  fs.o(.constdata)
    file__404_html                           0x080411f8   Data          20  fs.o(.constdata)
    file__index_html                         0x0804120c   Data          20  fs.o(.constdata)
    file__STM32F407ADC_TEMPERATE_shtml       0x08041220   Data          20  fs.o(.constdata)
    file__STM32F407LED_OFF_BEEP_OFF_shtml    0x08041234   Data          20  fs.o(.constdata)
    file__STM32F407LED_OFF_BEEP_ON_shtml     0x08041248   Data          20  fs.o(.constdata)
    file__STM32F407LED_ON_BEEP_OFF_shtml     0x0804125c   Data          20  fs.o(.constdata)
    file__STM32F407LED_ON_BEEP_ON_shtml      0x08041270   Data          20  fs.o(.constdata)
    file__STM32F407RTC_shtml                 0x08041284   Data          20  fs.o(.constdata)
    g_psDefaultFilenames                     0x08041298   Data          40  httpd.o(.constdata)
    g_pcTagLeadIn                            0x080412c0   Data           4  httpd.o(.constdata)
    g_pcTagLeadOut                           0x080412c4   Data           4  httpd.o(.constdata)
    ethbroadcast                             0x080412d8   Data           6  etharp.o(.constdata)
    ethzero                                  0x080412de   Data           6  etharp.o(.constdata)
    ip_addr_any                              0x080412e4   Data           4  ip_addr.o(.constdata)
    ip_addr_broadcast                        0x080412e8   Data           4  ip_addr.o(.constdata)
    tcp_state_str                            0x08041324   Data          44  tcp.o(.constdata)
    tcp_backoff                              0x08041350   Data          13  tcp.o(.constdata)
    tcp_persist_backoff                      0x0804135d   Data           7  tcp.o(.constdata)
    tcp_pcb_lists                            0x08041364   Data          16  tcp.o(.constdata)
    pvNullPointer                            0x08041374   Data           4  sys_arch.o(.constdata)
    memtblsize                               0x080413b8   Data          12  malloc.o(.constdata)
    memblksize                               0x080413c4   Data          12  malloc.o(.constdata)
    memsize                                  0x080413d0   Data          12  malloc.o(.constdata)
    CPU_EndiannessTest                       0x080414dc   Data           4  cpu_core.o(.constdata)
    OSCfg_IdleTaskStkBasePtr                 0x08041574   Data           4  os_cfg_app.o(.constdata)
    OSCfg_IdleTaskStkLimit                   0x08041578   Data           4  os_cfg_app.o(.constdata)
    OSCfg_IdleTaskStkSize                    0x0804157c   Data           4  os_cfg_app.o(.constdata)
    OSCfg_IdleTaskStkSizeRAM                 0x08041580   Data           4  os_cfg_app.o(.constdata)
    OSCfg_IntQBasePtr                        0x08041584   Data           4  os_cfg_app.o(.constdata)
    OSCfg_IntQSize                           0x08041588   Data           2  os_cfg_app.o(.constdata)
    OSCfg_IntQSizeRAM                        0x0804158c   Data           4  os_cfg_app.o(.constdata)
    OSCfg_IntQTaskStkBasePtr                 0x08041590   Data           4  os_cfg_app.o(.constdata)
    OSCfg_IntQTaskStkLimit                   0x08041594   Data           4  os_cfg_app.o(.constdata)
    OSCfg_IntQTaskStkSize                    0x08041598   Data           4  os_cfg_app.o(.constdata)
    OSCfg_IntQTaskStkSizeRAM                 0x0804159c   Data           4  os_cfg_app.o(.constdata)
    OSCfg_ISRStkBasePtr                      0x080415a0   Data           4  os_cfg_app.o(.constdata)
    OSCfg_ISRStkSize                         0x080415a4   Data           4  os_cfg_app.o(.constdata)
    OSCfg_ISRStkSizeRAM                      0x080415a8   Data           4  os_cfg_app.o(.constdata)
    OSCfg_MsgPoolSize                        0x080415ac   Data           2  os_cfg_app.o(.constdata)
    OSCfg_MsgPoolSizeRAM                     0x080415b0   Data           4  os_cfg_app.o(.constdata)
    OSCfg_MsgPoolBasePtr                     0x080415b4   Data           4  os_cfg_app.o(.constdata)
    OSCfg_StatTaskPrio                       0x080415b8   Data           1  os_cfg_app.o(.constdata)
    OSCfg_StatTaskRate_Hz                    0x080415bc   Data           4  os_cfg_app.o(.constdata)
    OSCfg_StatTaskStkBasePtr                 0x080415c0   Data           4  os_cfg_app.o(.constdata)
    OSCfg_StatTaskStkLimit                   0x080415c4   Data           4  os_cfg_app.o(.constdata)
    OSCfg_StatTaskStkSize                    0x080415c8   Data           4  os_cfg_app.o(.constdata)
    OSCfg_StatTaskStkSizeRAM                 0x080415cc   Data           4  os_cfg_app.o(.constdata)
    OSCfg_StkSizeMin                         0x080415d0   Data           4  os_cfg_app.o(.constdata)
    OSCfg_TickRate_Hz                        0x080415d4   Data           4  os_cfg_app.o(.constdata)
    OSCfg_TickTaskPrio                       0x080415d8   Data           1  os_cfg_app.o(.constdata)
    OSCfg_TickTaskStkBasePtr                 0x080415dc   Data           4  os_cfg_app.o(.constdata)
    OSCfg_TickTaskStkLimit                   0x080415e0   Data           4  os_cfg_app.o(.constdata)
    OSCfg_TickTaskStkSize                    0x080415e4   Data           4  os_cfg_app.o(.constdata)
    OSCfg_TickTaskStkSizeRAM                 0x080415e8   Data           4  os_cfg_app.o(.constdata)
    OSCfg_TickWheelSize                      0x080415ec   Data           2  os_cfg_app.o(.constdata)
    OSCfg_TickWheelSizeRAM                   0x080415f0   Data           4  os_cfg_app.o(.constdata)
    OSCfg_TmrTaskPrio                        0x080415f4   Data           1  os_cfg_app.o(.constdata)
    OSCfg_TmrTaskRate_Hz                     0x080415f8   Data           4  os_cfg_app.o(.constdata)
    OSCfg_TmrTaskStkBasePtr                  0x080415fc   Data           4  os_cfg_app.o(.constdata)
    OSCfg_TmrTaskStkLimit                    0x08041600   Data           4  os_cfg_app.o(.constdata)
    OSCfg_TmrTaskStkSize                     0x08041604   Data           4  os_cfg_app.o(.constdata)
    OSCfg_TmrTaskStkSizeRAM                  0x08041608   Data           4  os_cfg_app.o(.constdata)
    OSCfg_TmrWheelSize                       0x0804160c   Data           2  os_cfg_app.o(.constdata)
    OSCfg_TmrWheelSizeRAM                    0x08041610   Data           4  os_cfg_app.o(.constdata)
    OSCfg_DataSizeRAM                        0x08041614   Data           4  os_cfg_app.o(.constdata)
    OSDbg_DbgEn                              0x08041618   Data           2  os_dbg.o(.constdata)
    OSDbg_ArgChkEn                           0x0804161a   Data           1  os_dbg.o(.constdata)
    OSDbg_AppHooksEn                         0x0804161b   Data           1  os_dbg.o(.constdata)
    OSDbg_EndiannessTest                     0x0804161c   Data           4  os_dbg.o(.constdata)
    OSDbg_CalledFromISRChkEn                 0x08041620   Data           1  os_dbg.o(.constdata)
    OSDbg_FlagEn                             0x08041621   Data           1  os_dbg.o(.constdata)
    OSDbg_FlagGrp                            0x08041624   Data          40  os_dbg.o(.constdata)
    OSDbg_FlagDelEn                          0x0804164c   Data           1  os_dbg.o(.constdata)
    OSDbg_FlagModeClrEn                      0x0804164d   Data           1  os_dbg.o(.constdata)
    OSDbg_FlagPendAbortEn                    0x0804164e   Data           1  os_dbg.o(.constdata)
    OSDbg_FlagGrpSize                        0x08041650   Data           2  os_dbg.o(.constdata)
    OSDbg_FlagWidth                          0x08041652   Data           2  os_dbg.o(.constdata)
    OSDbg_IntQ                               0x08041654   Data           2  os_dbg.o(.constdata)
    OSDbg_ISRPostDeferredEn                  0x08041656   Data           1  os_dbg.o(.constdata)
    OSDbg_Mem                                0x08041658   Data          32  os_dbg.o(.constdata)
    OSDbg_MemEn                              0x08041678   Data           1  os_dbg.o(.constdata)
    OSDbg_MemSize                            0x0804167a   Data           2  os_dbg.o(.constdata)
    OSDbg_MsgEn                              0x0804167c   Data           1  os_dbg.o(.constdata)
    OSDbg_MsgSize                            0x0804167e   Data           2  os_dbg.o(.constdata)
    OSDbg_MsgPoolSize                        0x08041680   Data           2  os_dbg.o(.constdata)
    OSDbg_MsgQSize                           0x08041682   Data           2  os_dbg.o(.constdata)
    OSDbg_Mutex                              0x08041684   Data          44  os_dbg.o(.constdata)
    OSDbg_MutexEn                            0x080416b0   Data           1  os_dbg.o(.constdata)
    OSDbg_MutexDelEn                         0x080416b1   Data           1  os_dbg.o(.constdata)
    OSDbg_MutexPendAbortEn                   0x080416b2   Data           1  os_dbg.o(.constdata)
    OSDbg_MutexSize                          0x080416b4   Data           2  os_dbg.o(.constdata)
    OSDbg_ObjTypeChkEn                       0x080416b6   Data           1  os_dbg.o(.constdata)
    OSDbg_PendMultiEn                        0x080416b7   Data           1  os_dbg.o(.constdata)
    OSDbg_PendDataSize                       0x080416b8   Data           2  os_dbg.o(.constdata)
    OSDbg_PendListSize                       0x080416ba   Data           2  os_dbg.o(.constdata)
    OSDbg_PendObjSize                        0x080416bc   Data           2  os_dbg.o(.constdata)
    OSDbg_PrioMax                            0x080416be   Data           2  os_dbg.o(.constdata)
    OSDbg_PrioTblSize                        0x080416c0   Data           2  os_dbg.o(.constdata)
    OSDbg_PtrSize                            0x080416c2   Data           2  os_dbg.o(.constdata)
    OSDbg_Q                                  0x080416c4   Data          48  os_dbg.o(.constdata)
    OSDbg_QEn                                0x080416f4   Data           1  os_dbg.o(.constdata)
    OSDbg_QDelEn                             0x080416f5   Data           1  os_dbg.o(.constdata)
    OSDbg_QFlushEn                           0x080416f6   Data           1  os_dbg.o(.constdata)
    OSDbg_QPendAbortEn                       0x080416f7   Data           1  os_dbg.o(.constdata)
    OSDbg_QSize                              0x080416f8   Data           2  os_dbg.o(.constdata)
    OSDbg_SchedRoundRobinEn                  0x080416fa   Data           1  os_dbg.o(.constdata)
    OSDbg_Sem                                0x080416fc   Data          40  os_dbg.o(.constdata)
    OSDbg_SemEn                              0x08041724   Data           1  os_dbg.o(.constdata)
    OSDbg_SemDelEn                           0x08041725   Data           1  os_dbg.o(.constdata)
    OSDbg_SemPendAbortEn                     0x08041726   Data           1  os_dbg.o(.constdata)
    OSDbg_SemSetEn                           0x08041727   Data           1  os_dbg.o(.constdata)
    OSDbg_SemSize                            0x08041728   Data           2  os_dbg.o(.constdata)
    OSDbg_RdyList                            0x0804172a   Data           2  os_dbg.o(.constdata)
    OSDbg_RdyListSize                        0x0804172c   Data           4  os_dbg.o(.constdata)
    OSDbg_StkWidth                           0x08041730   Data           1  os_dbg.o(.constdata)
    OSDbg_StatTaskEn                         0x08041731   Data           1  os_dbg.o(.constdata)
    OSDbg_StatTaskStkChkEn                   0x08041732   Data           1  os_dbg.o(.constdata)
    OSDbg_TaskChangePrioEn                   0x08041733   Data           1  os_dbg.o(.constdata)
    OSDbg_TaskDelEn                          0x08041734   Data           1  os_dbg.o(.constdata)
    OSDbg_TaskQEn                            0x08041735   Data           1  os_dbg.o(.constdata)
    OSDbg_TaskQPendAbortEn                   0x08041736   Data           1  os_dbg.o(.constdata)
    OSDbg_TaskProfileEn                      0x08041737   Data           1  os_dbg.o(.constdata)
    OSDbg_TaskRegTblSize                     0x08041738   Data           2  os_dbg.o(.constdata)
    OSDbg_TaskSemPendAbortEn                 0x0804173a   Data           1  os_dbg.o(.constdata)
    OSDbg_TaskSuspendEn                      0x0804173b   Data           1  os_dbg.o(.constdata)
    OSDbg_TCBSize                            0x0804173c   Data           2  os_dbg.o(.constdata)
    OSDbg_TickSpokeSize                      0x0804173e   Data           2  os_dbg.o(.constdata)
    OSDbg_TimeDlyHMSMEn                      0x08041740   Data           1  os_dbg.o(.constdata)
    OSDbg_TimeDlyResumeEn                    0x08041741   Data           1  os_dbg.o(.constdata)
    OSDbg_TLS_TblSize                        0x08041742   Data           2  os_dbg.o(.constdata)
    OSDbg_Tmr                                0x08041744   Data          52  os_dbg.o(.constdata)
    OSDbg_TmrEn                              0x08041778   Data           1  os_dbg.o(.constdata)
    OSDbg_TmrDelEn                           0x08041779   Data           1  os_dbg.o(.constdata)
    OSDbg_TmrSize                            0x0804177a   Data           2  os_dbg.o(.constdata)
    OSDbg_TmrSpokeSize                       0x0804177c   Data           2  os_dbg.o(.constdata)
    OSDbg_VersionNbr                         0x0804177e   Data           2  os_dbg.o(.constdata)
    OSDbg_DataSize                           0x08041780   Data           4  os_dbg.o(.constdata)
    Region$$Table$$Base                      0x08041bbc   Number         0  anon$$obj.o(Region$$Table)
    Region$$Table$$Limit                     0x08041bdc   Number         0  anon$$obj.o(Region$$Table)
    __ctype                                  0x08041be9   Data           0  lc_ctype_c.o(locale$$data)
    mem3base                                 0x10000000   Data       61440  malloc.o(.ARM.__AT_0x10000000)
    mem3mapbase                              0x1000f000   Data        3840  malloc.o(.ARM.__AT_0x1000F000)
    SystemCoreClock                          0x20000000   Data           4  system_stm32f4xx.o(.data)
    AHBPrescTable                            0x20000004   Data          16  system_stm32f4xx.o(.data)
    POINT_COLOR                              0x20000016   Data           2  lcd.o(.data)
    BACK_COLOR                               0x20000018   Data           2  lcd.o(.data)
    DMARxDscrTab                             0x2000001c   Data           4  lan8720.o(.data)
    DMATxDscrTab                             0x20000020   Data           4  lan8720.o(.data)
    Rx_Buff                                  0x20000024   Data           4  lan8720.o(.data)
    Tx_Buff                                  0x20000028   Data           4  lan8720.o(.data)
    DMATxDescToSet                           0x2000003c   Data           4  stm32f4x7_eth.o(.data)
    DMARxDescToGet                           0x20000040   Data           4  stm32f4x7_eth.o(.data)
    DMA_RX_FRAME_infos                       0x20000044   Data           4  stm32f4x7_eth.o(.data)
    Frame_Rx_index                           0x20000048   Data           4  stm32f4x7_eth.o(.data)
    __stdout                                 0x20000050   Data           4  usart.o(.data)
    USART_RX_STA                             0x20000054   Data           2  usart.o(.data)
    sys_cmd_tab                              0x20000058   Data          28  usmart.o(.data)
    usmart_nametab                           0x20000074   Data          48  usmart_config.o(.data)
    usmart_dev                               0x200000a4   Data         244  usmart_config.o(.data)
    TCPIP_THREAD_TASK_STK                    0x20000198   Data           4  lwip_comm.o(.data)
    LWIP_DHCP_TASK_STK                       0x2000019c   Data           4  lwip_comm.o(.data)
    g_pcSSIExtensions                        0x200001a0   Data          16  httpd.o(.data)
    g_pfnSSIHandler                          0x200001b0   Data           4  httpd.o(.data)
    g_iNumTags                               0x200001b4   Data           4  httpd.o(.data)
    g_ppcTags                                0x200001b8   Data           4  httpd.o(.data)
    g_pCGIs                                  0x200001bc   Data           4  httpd.o(.data)
    g_iNumCGIs                               0x200001c0   Data           4  httpd.o(.data)
    current_netif                            0x200001d8   Data           4  ip.o(.data)
    current_header                           0x200001dc   Data           4  ip.o(.data)
    current_iphdr_src                        0x200001e0   Data           4  ip.o(.data)
    current_iphdr_dest                       0x200001e4   Data           4  ip.o(.data)
    memp_memory                              0x20000230   Data           4  memp.o(.data)
    netif_list                               0x20000234   Data           4  netif.o(.data)
    netif_default                            0x20000238   Data           4  netif.o(.data)
    tcp_ticks                                0x20000248   Data           4  tcp.o(.data)
    tcp_bound_pcbs                           0x2000024c   Data           4  tcp.o(.data)
    tcp_listen_pcbs                          0x20000250   Data           4  tcp.o(.data)
    tcp_active_pcbs                          0x20000254   Data           4  tcp.o(.data)
    tcp_tw_pcbs                              0x20000258   Data           4  tcp.o(.data)
    tcp_tmp_pcb                              0x2000025c   Data           4  tcp.o(.data)
    tcp_active_pcbs_changed                  0x20000260   Data           1  tcp.o(.data)
    tcp_input_pcb                            0x20000284   Data           4  tcp_in.o(.data)
    udp_pcbs                                 0x20000294   Data           4  udp.o(.data)
    ram_heap                                 0x20000298   Data           4  mem.o(.data)
    mallco_dev                               0x200002b8   Data          36  malloc.o(.data)
    CPU_TS_TmrFreq_Hz                        0x200002dc   Data           4  cpu_core.o(.data)
    Mem_PoolTbl                              0x200002e0   Data           4  lib_mem.o(.data)
    OSPrioTbl                                0x200002e4   Data           4  os_prio.o(.data)
    OS_AppTaskCreateHookPtr                  0x200002e8   Data           4  os_var.o(.data)
    OS_AppTaskDelHookPtr                     0x200002ec   Data           4  os_var.o(.data)
    OS_AppTaskReturnHookPtr                  0x200002f0   Data           4  os_var.o(.data)
    OS_AppIdleTaskHookPtr                    0x200002f4   Data           4  os_var.o(.data)
    OS_AppStatTaskHookPtr                    0x200002f8   Data           4  os_var.o(.data)
    OS_AppTaskSwHookPtr                      0x200002fc   Data           4  os_var.o(.data)
    OS_AppTimeTickHookPtr                    0x20000300   Data           4  os_var.o(.data)
    OSIdleTaskCtr                            0x20000304   Data           4  os_var.o(.data)
    OSIntNestingCtr                          0x20000308   Data           1  os_var.o(.data)
    OSRunning                                0x20000309   Data           1  os_var.o(.data)
    OSFlagDbgListPtr                         0x2000030c   Data           4  os_var.o(.data)
    OSFlagQty                                0x20000310   Data           2  os_var.o(.data)
    OSMemDbgListPtr                          0x20000314   Data           4  os_var.o(.data)
    OSMemQty                                 0x20000318   Data           2  os_var.o(.data)
    OSMutexDbgListPtr                        0x2000031c   Data           4  os_var.o(.data)
    OSMutexQty                               0x20000320   Data           2  os_var.o(.data)
    OSPrioCur                                0x20000322   Data           1  os_var.o(.data)
    OSPrioHighRdy                            0x20000323   Data           1  os_var.o(.data)
    OSPrioSaved                              0x20000324   Data           1  os_var.o(.data)
    OSQDbgListPtr                            0x20000328   Data           4  os_var.o(.data)
    OSQQty                                   0x2000032c   Data           2  os_var.o(.data)
    OSSchedLockTimeBegin                     0x20000330   Data           4  os_var.o(.data)
    OSSchedLockTimeMax                       0x20000334   Data           4  os_var.o(.data)
    OSSchedLockTimeMaxCur                    0x20000338   Data           4  os_var.o(.data)
    OSSchedLockNestingCtr                    0x2000033c   Data           1  os_var.o(.data)
    OSSchedRoundRobinDfltTimeQuanta          0x20000340   Data           4  os_var.o(.data)
    OSSchedRoundRobinEn                      0x20000344   Data           1  os_var.o(.data)
    OSSemDbgListPtr                          0x20000348   Data           4  os_var.o(.data)
    OSSemQty                                 0x2000034c   Data           2  os_var.o(.data)
    OSStatResetFlag                          0x2000034e   Data           1  os_var.o(.data)
    OSStatTaskCPUUsage                       0x20000350   Data           2  os_var.o(.data)
    OSStatTaskCPUUsageMax                    0x20000352   Data           2  os_var.o(.data)
    OSStatTaskCtr                            0x20000354   Data           4  os_var.o(.data)
    OSStatTaskCtrMax                         0x20000358   Data           4  os_var.o(.data)
    OSStatTaskCtrRun                         0x2000035c   Data           4  os_var.o(.data)
    OSStatTaskRdy                            0x20000360   Data           1  os_var.o(.data)
    OSStatTaskTimeMax                        0x20000364   Data           4  os_var.o(.data)
    OSTaskCtxSwCtr                           0x20000368   Data           4  os_var.o(.data)
    OSTaskDbgListPtr                         0x2000036c   Data           4  os_var.o(.data)
    OSTaskQty                                0x20000370   Data           2  os_var.o(.data)
    OSTaskRegNextAvailID                     0x20000372   Data           1  os_var.o(.data)
    OSTickCtr                                0x20000374   Data           4  os_var.o(.data)
    OSTickTaskTimeMax                        0x20000378   Data           4  os_var.o(.data)
    OSTmrDbgListPtr                          0x2000037c   Data           4  os_var.o(.data)
    OSTmrQty                                 0x20000380   Data           2  os_var.o(.data)
    OSTmrTaskTimeMax                         0x20000384   Data           4  os_var.o(.data)
    OSTmrTickCtr                             0x20000388   Data           4  os_var.o(.data)
    OSTmrUpdateCnt                           0x2000038c   Data           4  os_var.o(.data)
    OSTmrUpdateCtr                           0x20000390   Data           4  os_var.o(.data)
    OSTCBCurPtr                              0x20000394   Data           4  os_var.o(.data)
    OSTCBHighRdyPtr                          0x20000398   Data           4  os_var.o(.data)
    OS_CPU_ExceptStkBase                     0x2000039c   Data           4  os_cpu_c.o(.data)
    LedTaskTCB                               0x200003a0   Data         196  main.o(.bss)
    LED_TASK_STK                             0x20000464   Data         512  main.o(.bss)
    DisplayTaskTCB                           0x20000664   Data         196  main.o(.bss)
    DISPLAY_TASK_STK                         0x20000728   Data         512  main.o(.bss)
    StartTaskTCB                             0x20000928   Data         196  main.o(.bss)
    START_TASK_STK                           0x200009ec   Data         512  main.o(.bss)
    lcddev                                   0x20000bec   Data          14  lcd.o(.bss)
    RX_Frame_Descriptor                      0x20000bfc   Data          12  stm32f4x7_eth.o(.bss)
    USART_RX_BUF                             0x20000c08   Data         200  usart.o(.bss)
    lwipdev                                  0x20000cd0   Data          23  lwip_comm.o(.bss)
    lwip_netif                               0x20000ce8   Data          52  lwip_comm.o(.bss)
    LwipdhcpTaskTCB                          0x20000d1c   Data         196  lwip_comm.o(.bss)
    fs_memory                                0x20000de0   Data         240  fs.o(.bss)
    dhcp_rx_options_val                      0x200013a8   Data          40  dhcp.o(.bss)
    dhcp_rx_options_given                    0x200013d0   Data          10  dhcp.o(.bss)
    TcpipthreadTaskTCB                       0x20001450   Data         196  sys_arch.o(.bss)
    mem1base                                 0x200015a4   Data       102400  malloc.o(.bss)
    mem1mapbase                              0x2001a5a4   Data        6400  malloc.o(.bss)
    CPU_Name                                 0x2001bea4   Data          16  cpu_core.o(.bss)
    Mem_PoolHeap                             0x2001beb4   Data          72  lib_mem.o(.bss)
    Mem_Heap                                 0x2001befc   Data        1024  lib_mem.o(.bss)
    OSCfg_IdleTaskStk                        0x2001c2fc   Data         512  os_cfg_app.o(.bss)
    OSCfg_ISRStk                             0x2001c4fc   Data         512  os_cfg_app.o(.bss)
    OSCfg_MsgPool                            0x2001c6fc   Data        1600  os_cfg_app.o(.bss)
    OSCfg_StatTaskStk                        0x2001cd3c   Data         512  os_cfg_app.o(.bss)
    OSCfg_TickTaskStk                        0x2001cf3c   Data         512  os_cfg_app.o(.bss)
    OSCfg_TickWheel                          0x2001d13c   Data         136  os_cfg_app.o(.bss)
    OSCfg_TmrTaskStk                         0x2001d1c4   Data         512  os_cfg_app.o(.bss)
    OSCfg_TmrWheel                           0x2001d3c4   Data         136  os_cfg_app.o(.bss)
    OSIdleTaskTCB                            0x2001d44c   Data         196  os_var.o(.bss)
    OSMsgPool                                0x2001d510   Data          12  os_var.o(.bss)
    OSRdyList                                0x2001d51c   Data         384  os_var.o(.bss)
    OSStatTaskTCB                            0x2001d69c   Data         196  os_var.o(.bss)
    OSTickTaskTCB                            0x2001d760   Data         196  os_var.o(.bss)
    OSTmrTaskTCB                             0x2001d824   Data         196  os_var.o(.bss)
    __libspace_start                         0x2001d8e8   Data          96  libspace.o(.bss)
    __temporary_stack_top$libspace           0x2001d948   Data           0  libspace.o(.bss)
    mem2base                                 0x68000000   Data       204800  malloc.o(.ARM.__AT_0x68000000)
    mem2mapbase                              0x68032000   Data       12800  malloc.o(.ARM.__AT_0x68032000)



==============================================================================

Memory Map of the image

  Image Entry point : 0x08000189

  Load Region LR_IROM1 (Base: 0x08000000, Size: 0x0004208c, Max: 0x00100000, ABSOLUTE, COMPRESSED[0x00041dd0])

    Execution Region ER_IROM1 (Base: 0x08000000, Size: 0x00041cec, Max: 0x00100000, ABSOLUTE)

    Base Addr    Size         Type   Attr      Idx    E Section Name        Object

    0x08000000   0x00000188   Data   RO          607    RESET               startup_stm32f40_41xxx.o
    0x08000188   0x00000008   Code   RO         2654  * !!!main             c_w.l(__main.o)
    0x08000190   0x00000034   Code   RO         2880    !!!scatter          c_w.l(__scatter.o)
    0x080001c4   0x0000005a   Code   RO         2878    !!dczerorl2         c_w.l(__dczerorl2.o)
    0x0800021e   0x00000002   PAD
    0x08000220   0x0000001c   Code   RO         2882    !!handler_zi        c_w.l(__scatter_zi.o)
    0x0800023c   0x00000000   Code   RO         2631    .ARM.Collect$$_printf_percent$$00000000  c_w.l(_printf_percent.o)
    0x0800023c   0x00000006   Code   RO         2629    .ARM.Collect$$_printf_percent$$00000009  c_w.l(_printf_d.o)
    0x08000242   0x00000006   Code   RO         2630    .ARM.Collect$$_printf_percent$$0000000A  c_w.l(_printf_u.o)
    0x08000248   0x00000006   Code   RO         2628    .ARM.Collect$$_printf_percent$$0000000C  c_w.l(_printf_x.o)
    0x0800024e   0x00000006   Code   RO         2626    .ARM.Collect$$_printf_percent$$00000013  c_w.l(_printf_c.o)
    0x08000254   0x00000006   Code   RO         2627    .ARM.Collect$$_printf_percent$$00000014  c_w.l(_printf_s.o)
    0x0800025a   0x00000004   Code   RO         2706    .ARM.Collect$$_printf_percent$$00000017  c_w.l(_printf_percent_end.o)
    0x0800025e   0x00000002   Code   RO         2803    .ARM.Collect$$libinit$$00000000  c_w.l(libinit.o)
    0x08000260   0x00000004   Code   RO         2743    .ARM.Collect$$libinit$$00000001  c_w.l(libinit2.o)
    0x08000264   0x00000000   Code   RO         2746    .ARM.Collect$$libinit$$00000004  c_w.l(libinit2.o)
    0x08000264   0x00000000   Code   RO         2749    .ARM.Collect$$libinit$$0000000A  c_w.l(libinit2.o)
    0x08000264   0x00000000   Code   RO         2751    .ARM.Collect$$libinit$$0000000C  c_w.l(libinit2.o)
    0x08000264   0x00000000   Code   RO         2753    .ARM.Collect$$libinit$$0000000E  c_w.l(libinit2.o)
    0x08000264   0x00000006   Code   RO         2754    .ARM.Collect$$libinit$$0000000F  c_w.l(libinit2.o)
    0x0800026a   0x00000000   Code   RO         2756    .ARM.Collect$$libinit$$00000011  c_w.l(libinit2.o)
    0x0800026a   0x0000000c   Code   RO         2757    .ARM.Collect$$libinit$$00000012  c_w.l(libinit2.o)
    0x08000276   0x00000000   Code   RO         2758    .ARM.Collect$$libinit$$00000013  c_w.l(libinit2.o)
    0x08000276   0x00000000   Code   RO         2760    .ARM.Collect$$libinit$$00000015  c_w.l(libinit2.o)
    0x08000276   0x00000000   Code   RO         2762    .ARM.Collect$$libinit$$00000017  c_w.l(libinit2.o)
    0x08000276   0x00000000   Code   RO         2764    .ARM.Collect$$libinit$$00000019  c_w.l(libinit2.o)
    0x08000276   0x00000000   Code   RO         2766    .ARM.Collect$$libinit$$0000001B  c_w.l(libinit2.o)
    0x08000276   0x00000000   Code   RO         2768    .ARM.Collect$$libinit$$0000001D  c_w.l(libinit2.o)
    0x08000276   0x00000000   Code   RO         2770    .ARM.Collect$$libinit$$0000001F  c_w.l(libinit2.o)
    0x08000276   0x00000000   Code   RO         2772    .ARM.Collect$$libinit$$00000021  c_w.l(libinit2.o)
    0x08000276   0x00000000   Code   RO         2774    .ARM.Collect$$libinit$$00000023  c_w.l(libinit2.o)
    0x08000276   0x00000000   Code   RO         2776    .ARM.Collect$$libinit$$00000025  c_w.l(libinit2.o)
    0x08000276   0x00000000   Code   RO         2780    .ARM.Collect$$libinit$$0000002C  c_w.l(libinit2.o)
    0x08000276   0x00000000   Code   RO         2782    .ARM.Collect$$libinit$$0000002E  c_w.l(libinit2.o)
    0x08000276   0x00000000   Code   RO         2784    .ARM.Collect$$libinit$$00000030  c_w.l(libinit2.o)
    0x08000276   0x00000000   Code   RO         2786    .ARM.Collect$$libinit$$00000032  c_w.l(libinit2.o)
    0x08000276   0x00000002   Code   RO         2787    .ARM.Collect$$libinit$$00000033  c_w.l(libinit2.o)
    0x08000278   0x00000002   Code   RO         2846    .ARM.Collect$$libshutdown$$00000000  c_w.l(libshutdown.o)
    0x0800027a   0x00000000   Code   RO         2863    .ARM.Collect$$libshutdown$$00000003  c_w.l(libshutdown2.o)
    0x0800027a   0x00000000   Code   RO         2866    .ARM.Collect$$libshutdown$$00000006  c_w.l(libshutdown2.o)
    0x0800027a   0x00000000   Code   RO         2869    .ARM.Collect$$libshutdown$$00000009  c_w.l(libshutdown2.o)
    0x0800027a   0x00000000   Code   RO         2871    .ARM.Collect$$libshutdown$$0000000B  c_w.l(libshutdown2.o)
    0x0800027a   0x00000000   Code   RO         2874    .ARM.Collect$$libshutdown$$0000000E  c_w.l(libshutdown2.o)
    0x0800027a   0x00000002   Code   RO         2875    .ARM.Collect$$libshutdown$$0000000F  c_w.l(libshutdown2.o)
    0x0800027c   0x00000000   Code   RO         2686    .ARM.Collect$$rtentry$$00000000  c_w.l(__rtentry.o)
    0x0800027c   0x00000000   Code   RO         2721    .ARM.Collect$$rtentry$$00000002  c_w.l(__rtentry2.o)
    0x0800027c   0x00000006   Code   RO         2733    .ARM.Collect$$rtentry$$00000004  c_w.l(__rtentry4.o)
    0x08000282   0x00000000   Code   RO         2723    .ARM.Collect$$rtentry$$00000009  c_w.l(__rtentry2.o)
    0x08000282   0x00000004   Code   RO         2724    .ARM.Collect$$rtentry$$0000000A  c_w.l(__rtentry2.o)
    0x08000286   0x00000000   Code   RO         2726    .ARM.Collect$$rtentry$$0000000C  c_w.l(__rtentry2.o)
    0x08000286   0x00000008   Code   RO         2727    .ARM.Collect$$rtentry$$0000000D  c_w.l(__rtentry2.o)
    0x0800028e   0x00000002   Code   RO         2806    .ARM.Collect$$rtexit$$00000000  c_w.l(rtexit.o)
    0x08000290   0x00000000   Code   RO         2821    .ARM.Collect$$rtexit$$00000002  c_w.l(rtexit2.o)
    0x08000290   0x00000004   Code   RO         2822    .ARM.Collect$$rtexit$$00000003  c_w.l(rtexit2.o)
    0x08000294   0x00000006   Code   RO         2823    .ARM.Collect$$rtexit$$00000004  c_w.l(rtexit2.o)
    0x0800029a   0x00000002   PAD
    0x0800029c   0x000004c4   Code   RO            3    .text               main.o
    0x08000760   0x00000014   Code   RO          295    .text               stm32f4xx_it.o
    0x08000774   0x00000210   Code   RO          344    .text               system_stm32f4xx.o
    0x08000984   0x000000e0   Code   RO          370    .text               key.o
    0x08000a64   0x00000084   Code   RO          391    .text               led.o
    0x08000ae8   0x00000070   Code   RO          411    .text               timer.o
    0x08000b58   0x00004ca8   Code   RO          435    .text               lcd.o
    0x08005800   0x00000390   Code   RO          473    .text               lan8720.o
    0x08005b90   0x000002a4   Code   RO          504    .text               sram.o
    0x08005e34   0x000000dc   Code   RO          524    .text               adc.o
    0x08005f10   0x00000040   Code   RO          544    .text               beep.o
    0x08005f50   0x00000194   Code   RO          564    .text               temperature.o
    0x080060e4   0x00000414   Code   RO          587    .text               rtc.o
    0x080064f8   0x00000040   Code   RO          608    .text               startup_stm32f40_41xxx.o
    0x08006538   0x000000e0   Code   RO          614    .text               misc.o
    0x08006618   0x00000294   Code   RO          634    .text               stm32f4xx_gpio.o
    0x080068ac   0x0000065c   Code   RO          654    .text               stm32f4xx_rcc.o
    0x08006f08   0x00000094   Code   RO          676    .text               stm32f4xx_syscfg.o
    0x08006f9c   0x00000ca2   Code   RO          696    .text               stm32f4xx_tim.o
    0x08007c3e   0x00000002   PAD
    0x08007c40   0x00000454   Code   RO          716    .text               stm32f4xx_usart.o
    0x08008094   0x00000e40   Code   RO          736    .text               stm32f4x7_eth.o
    0x08008ed4   0x00000464   Code   RO          763    .text               stm32f4xx_adc.o
    0x08009338   0x000005c8   Code   RO          783    .text               stm32f4xx_fsmc.o
    0x08009900   0x00000110   Code   RO          806    .text               stm32f4xx_exti.o
    0x08009a10   0x0000016c   Code   RO          826    .text               stm32f4xx_pwr.o
    0x08009b7c   0x00000d68   Code   RO          846    .text               stm32f4xx_rtc.o
    0x0800a8e4   0x0000014c   Code   RO          866    .text               delay.o
    0x0800aa30   0x00000158   Code   RO          906    .text               usart.o
    0x0800ab88   0x00000c3c   Code   RO          937    .text               usmart.o
    0x0800b7c4   0x00000528   Code   RO          982    .text               usmart_str.o
    0x0800bcec   0x00000578   Code   RO         1002    .text               lwip_comm.o
    0x0800c264   0x00000108   Code   RO         1105    .text               fs.o
    0x0800c36c   0x000012a0   Code   RO         1138    .text               httpd.o
    0x0800d60c   0x000004f4   Code   RO         1196    .text               httpd_cgi_ssi.o
    0x0800db00   0x00000e84   Code   RO         1220    .text               etharp.o
    0x0800e984   0x00000228   Code   RO         1255    .text               ethernetif.o
    0x0800ebac   0x00000424   Code   RO         1311    .text               icmp.o
    0x0800efd0   0x000002b4   Code   RO         1372    .text               inet_chksum.o
    0x0800f284   0x00000430   Code   RO         1392    .text               ip.o
    0x0800f6b4   0x0000032c   Code   RO         1427    .text               ip_addr.o
    0x0800f9e0   0x00000a28   Code   RO         1461    .text               ip_frag.o
    0x08010408   0x0000003e   Code   RO         1486    .text               def.o
    0x08010446   0x00000002   PAD
    0x08010448   0x00001a6c   Code   RO         1506    .text               dhcp.o
    0x08011eb4   0x00000024   Code   RO         1548    .text               init.o
    0x08011ed8   0x000001d4   Code   RO         1583    .text               memp.o
    0x080120ac   0x00000340   Code   RO         1624    .text               netif.o
    0x080123ec   0x000010a8   Code   RO         1654    .text               pbuf.o
    0x08013494   0x0000024c   Code   RO         1674    .text               raw.o
    0x080136e0   0x0000148c   Code   RO         1710    .text               tcp.o
    0x08014b6c   0x00001878   Code   RO         1742    .text               tcp_in.o
    0x080163e4   0x00001346   Code   RO         1773    .text               tcp_out.o
    0x0801772a   0x00000002   PAD
    0x0801772c   0x00000330   Code   RO         1794    .text               timers.o
    0x08017a5c   0x000005e8   Code   RO         1843    .text               udp.o
    0x08018044   0x00000744   Code   RO         1880    .text               mem.o
    0x08018788   0x00000490   Code   RO         1904    .text               sys_arch.o
    0x08018c18   0x00000c10   Code   RO         1935    .text               api_lib.o
    0x08019828   0x00001854   Code   RO         1974    .text               api_msg.o
    0x0801b07c   0x000003b0   Code   RO         2017    .text               netbuf.o
    0x0801b42c   0x00001c70   Code   RO         2071    .text               sockets.o
    0x0801d09c   0x000003b8   Code   RO         2095    .text               tcpip.o
    0x0801d454   0x00000234   Code   RO         2127    .text               malloc.o
    0x0801d688   0x00000084   Code   RO         2159    .text               bsp.o
    0x0801d70c   0x000002a8   Code   RO         2192    .text               cpu_core.o
    0x0801d9b4   0x00000034   Code   RO         2218    .text               cpu_a.o
    0x0801d9e8   0x00000256   Code   RO         2221    .text               lib_ascii.o
    0x0801dc3e   0x00000002   PAD
    0x0801dc40   0x000009c6   Code   RO         2254    .text               lib_mem.o
    0x0801e606   0x00000002   PAD
    0x0801e608   0x0000092c   Code   RO         2273    .text               lib_str.o
    0x0801ef34   0x00000220   Code   RO         2290    .text               lib_mem_a.o
    0x0801f154   0x000000d0   Code   RO         2293    .text               os_cfg_app.o
    0x0801f224   0x00000d94   Code   RO         2313    .text               os_core.o
    0x0801ffb8   0x000001a8   Code   RO         2325    .text               os_dbg.o
    0x08020160   0x00000af8   Code   RO         2340    .text               os_flag.o
    0x08020c58   0x000001fc   Code   RO         2358    .text               os_mem.o
    0x08020e54   0x0000022c   Code   RO         2370    .text               os_msg.o
    0x08021080   0x0000078c   Code   RO         2382    .text               os_mutex.o
    0x0802180c   0x0000007c   Code   RO         2400    .text               os_prio.o
    0x08021888   0x000006d8   Code   RO         2419    .text               os_q.o
    0x08021f60   0x000006e8   Code   RO         2431    .text               os_sem.o
    0x08022648   0x000005a8   Code   RO         2443    .text               os_stat.o
    0x08022bf0   0x0000135c   Code   RO         2455    .text               os_task.o
    0x08023f4c   0x00000484   Code   RO         2467    .text               os_tick.o
    0x080243d0   0x0000045c   Code   RO         2479    .text               os_time.o
    0x0802482c   0x000007dc   Code   RO         2491    .text               os_tmr.o
    0x08025008   0x000003f8   Code   RO         2519    .text               os_cpu_c.o
    0x08025400   0x00000002   Code   RO         2563    .text               c_w.l(use_no_semi_2.o)
    0x08025402   0x00000002   PAD
    0x08025404   0x00000010   Code   RO         2565    .text               c_w.l(rt_ctype_table.o)
    0x08025414   0x000000ee   Code   RO         2567    .text               c_w.l(lludivv7m.o)
    0x08025502   0x00000002   PAD
    0x08025504   0x00000018   Code   RO         2573    .text               c_w.l(noretval__2printf.o)
    0x0802551c   0x00000028   Code   RO         2575    .text               c_w.l(noretval__2sprintf.o)
    0x08025544   0x0000004e   Code   RO         2579    .text               c_w.l(_printf_pad.o)
    0x08025592   0x00000052   Code   RO         2581    .text               c_w.l(_printf_str.o)
    0x080255e4   0x00000078   Code   RO         2583    .text               c_w.l(_printf_dec.o)
    0x0802565c   0x00000058   Code   RO         2588    .text               c_w.l(_printf_hex_int.o)
    0x080256b4   0x00000188   Code   RO         2623    .text               c_w.l(__printf_flags_ss_wp.o)
    0x0802583c   0x00000014   Code   RO         2632    .text               c_w.l(strchr.o)
    0x08025850   0x00000024   Code   RO         2634    .text               c_w.l(strstr.o)
    0x08025874   0x00000058   Code   RO         2636    .text               c_w.l(memcmp.o)
    0x080258cc   0x0000003e   Code   RO         2638    .text               c_w.l(strlen.o)
    0x0802590a   0x00000096   Code   RO         2640    .text               c_w.l(strncmp.o)
    0x080259a0   0x0000008a   Code   RO         2642    .text               c_w.l(rt_memcpy_v6.o)
    0x08025a2a   0x00000064   Code   RO         2644    .text               c_w.l(rt_memcpy_w.o)
    0x08025a8e   0x00000044   Code   RO         2646    .text               c_w.l(rt_memclr.o)
    0x08025ad2   0x0000004e   Code   RO         2648    .text               c_w.l(rt_memclr_w.o)
    0x08025b20   0x00000080   Code   RO         2650    .text               c_w.l(strcmpv7m.o)
    0x08025ba0   0x00000006   Code   RO         2652    .text               c_w.l(heapauxi.o)
    0x08025ba6   0x00000002   Code   RO         2684    .text               c_w.l(use_no_semi.o)
    0x08025ba8   0x00000008   Code   RO         2694    .text               c_w.l(rt_locale_intlibspace.o)
    0x08025bb0   0x000000b2   Code   RO         2696    .text               c_w.l(_printf_intcommon.o)
    0x08025c62   0x00000002   PAD
    0x08025c64   0x00000030   Code   RO         2698    .text               c_w.l(_printf_char_common.o)
    0x08025c94   0x0000000a   Code   RO         2700    .text               c_w.l(_sputc.o)
    0x08025c9e   0x0000002c   Code   RO         2702    .text               c_w.l(_printf_char.o)
    0x08025cca   0x00000002   PAD
    0x08025ccc   0x00000024   Code   RO         2704    .text               c_w.l(_printf_char_file.o)
    0x08025cf0   0x00000008   Code   RO         2717    .text               c_w.l(libspace.o)
    0x08025cf8   0x00000008   Code   RO         2739    .text               c_w.l(ferror.o)
    0x08025d00   0x0000004a   Code   RO         2788    .text               c_w.l(sys_stackheap_outer.o)
    0x08025d4a   0x0000000c   Code   RO         2790    .text               c_w.l(exit.o)
    0x08025d56   0x00000002   PAD
    0x08025d58   0x000000ac   Code   RO         2543    CODE                os_cpu_a.o
    0x08025e04   0x0000000e   Code   RO         2616    i._is_digit         c_w.l(__printf_wp.o)
    0x08025e12   0x00000002   PAD
    0x08025e14   0x0000002c   Code   RO         2708    locale$$code        c_w.l(lc_ctype_c.o)
    0x08025e40   0x00000150   Code   RO         2656    x$fpl$dadd          fz_wm.l(daddsub_clz.o)
    0x08025f90   0x000002b0   Code   RO         2663    x$fpl$ddiv          fz_wm.l(ddiv.o)
    0x08026240   0x0000005e   Code   RO         2666    x$fpl$dfix          fz_wm.l(dfix.o)
    0x0802629e   0x00000002   PAD
    0x080262a0   0x0000005a   Code   RO         2670    x$fpl$dfixu         fz_wm.l(dfixu.o)
    0x080262fa   0x00000026   Code   RO         2674    x$fpl$dfltu         fz_wm.l(dflt_clz.o)
    0x08026320   0x00000154   Code   RO         2680    x$fpl$dmul          fz_wm.l(dmul.o)
    0x08026474   0x0000009c   Code   RO         2710    x$fpl$dnaninf       fz_wm.l(dnaninf.o)
    0x08026510   0x0000000c   Code   RO         2712    x$fpl$dretinf       fz_wm.l(dretinf.o)
    0x0802651c   0x000001d4   Code   RO         2658    x$fpl$dsub          fz_wm.l(daddsub_clz.o)
    0x080266f0   0x00000056   Code   RO         2682    x$fpl$f2d           fz_wm.l(f2d.o)
    0x08026746   0x0000008c   Code   RO         2714    x$fpl$fnaninf       fz_wm.l(fnaninf.o)
    0x080267d2   0x0000000a   Code   RO         2804    x$fpl$fpinit        fz_wm.l(fpinit.o)
    0x080267dc   0x00000000   Code   RO         2716    x$fpl$usenofp       fz_wm.l(usenofp.o)
    0x080267dc   0x000017c0   Data   RO          437    .constdata          lcd.o
    0x08027f9c   0x0000001c   Data   RO          784    .constdata          stm32f4xx_fsmc.o
    0x08027fb8   0x000192e0   Data   RO         1107    .constdata          fs.o
    0x08041298   0x00000030   Data   RO         1140    .constdata          httpd.o
    0x080412c8   0x00000010   Data   RO         1197    .constdata          httpd_cgi_ssi.o
    0x080412d8   0x0000000c   Data   RO         1222    .constdata          etharp.o
    0x080412e4   0x00000008   Data   RO         1429    .constdata          ip_addr.o
    0x080412ec   0x00000038   Data   RO         1585    .constdata          memp.o
    0x08041324   0x00000050   Data   RO         1711    .constdata          tcp.o
    0x08041374   0x00000004   Data   RO         1906    .constdata          sys_arch.o
    0x08041378   0x00000040   Data   RO         2073    .constdata          sockets.o
    0x080413b8   0x00000024   Data   RO         2133    .constdata          malloc.o
    0x080413dc   0x00000104   Data   RO         2194    .constdata          cpu_core.o
    0x080414e0   0x00000094   Data   RO         2274    .constdata          lib_str.o
    0x08041574   0x000000a4   Data   RO         2295    .constdata          os_cfg_app.o
    0x08041618   0x0000016c   Data   RO         2326    .constdata          os_dbg.o
    0x08041784   0x00000028   Data   RO         2589    .constdata          c_w.l(_printf_hex_int.o)
    0x080417ac   0x00000011   Data   RO         2624    .constdata          c_w.l(__printf_flags_ss_wp.o)
    0x080417bd   0x00000003   PAD
    0x080417c0   0x00000028   Data   RO          938    .conststring        usmart.o
    0x080417e8   0x00000107   Data   RO          961    .conststring        usmart_config.o
    0x080418ef   0x00000001   PAD
    0x080418f0   0x0000006a   Data   RO         1141    .conststring        httpd.o
    0x0804195a   0x00000002   PAD
    0x0804195c   0x00000026   Data   RO         1198    .conststring        httpd_cgi_ssi.o
    0x08041982   0x00000002   PAD
    0x08041984   0x00000044   Data   RO         1223    .conststring        etharp.o
    0x080419c8   0x0000008c   Data   RO         1508    .conststring        dhcp.o
    0x08041a54   0x000000a0   Data   RO         1586    .conststring        memp.o
    0x08041af4   0x0000006d   Data   RO         1712    .conststring        tcp.o
    0x08041b61   0x00000003   PAD
    0x08041b64   0x00000055   Data   RO         1774    .conststring        tcp_out.o
    0x08041bb9   0x00000003   PAD
    0x08041bbc   0x00000020   Data   RO         2876    Region$$Table       anon$$obj.o
    0x08041bdc   0x00000110   Data   RO         2707    locale$$data        c_w.l(lc_ctype_c.o)


    Execution Region RW_IRAM1 (Base: 0x20000000, Size: 0x0001df48, Max: 0x00020000, ABSOLUTE, COMPRESSED[0x000000e4])

    Base Addr    Size         Type   Attr      Idx    E Section Name        Object

    0x20000000   0x00000014   Data   RW          345    .data               system_stm32f4xx.o
    0x20000014   0x00000001   Data   RW          371    .data               key.o
    0x20000015   0x00000001   PAD
    0x20000016   0x00000004   Data   RW          438    .data               lcd.o
    0x2000001a   0x00000002   PAD
    0x2000001c   0x00000010   Data   RW          474    .data               lan8720.o
    0x2000002c   0x00000010   Data   RW          655    .data               stm32f4xx_rcc.o
    0x2000003c   0x00000010   Data   RW          738    .data               stm32f4x7_eth.o
    0x2000004c   0x00000004   Data   RW          867    .data               delay.o
    0x20000050   0x00000006   Data   RW          908    .data               usart.o
    0x20000056   0x00000002   PAD
    0x20000058   0x0000001c   Data   RW          939    .data               usmart.o
    0x20000074   0x00000124   Data   RW          962    .data               usmart_config.o
    0x20000198   0x00000008   Data   RW         1004    .data               lwip_comm.o
    0x200001a0   0x00000024   Data   RW         1142    .data               httpd.o
    0x200001c4   0x00000010   Data   RW         1199    .data               httpd_cgi_ssi.o
    0x200001d4   0x00000001   Data   RW         1224    .data               etharp.o
    0x200001d5   0x00000003   PAD
    0x200001d8   0x00000012   Data   RW         1393    .data               ip.o
    0x200001ea   0x00000002   PAD
    0x200001ec   0x00000006   Data   RW         1462    .data               ip_frag.o
    0x200001f2   0x00000002   PAD
    0x200001f4   0x00000004   Data   RW         1509    .data               dhcp.o
    0x200001f8   0x0000003c   Data   RW         1587    .data               memp.o
    0x20000234   0x00000009   Data   RW         1625    .data               netif.o
    0x2000023d   0x00000003   PAD
    0x20000240   0x00000004   Data   RW         1675    .data               raw.o
    0x20000244   0x00000024   Data   RW         1713    .data               tcp.o
    0x20000268   0x00000020   Data   RW         1744    .data               tcp_in.o
    0x20000288   0x00000008   Data   RW         1795    .data               timers.o
    0x20000290   0x00000008   Data   RW         1844    .data               udp.o
    0x20000298   0x00000010   Data   RW         1882    .data               mem.o
    0x200002a8   0x00000008   Data   RW         2074    .data               sockets.o
    0x200002b0   0x00000008   Data   RW         2097    .data               tcpip.o
    0x200002b8   0x00000024   Data   RW         2134    .data               malloc.o
    0x200002dc   0x00000004   Data   RW         2195    .data               cpu_core.o
    0x200002e0   0x00000004   Data   RW         2256    .data               lib_mem.o
    0x200002e4   0x00000004   Data   RW         2401    .data               os_prio.o
    0x200002e8   0x000000b4   Data   RW         2504    .data               os_var.o
    0x2000039c   0x00000004   Data   RW         2520    .data               os_cpu_c.o
    0x200003a0   0x0000084c   Zero   RW            4    .bss                main.o
    0x20000bec   0x0000000e   Zero   RW          436    .bss                lcd.o
    0x20000bfa   0x00000002   PAD
    0x20000bfc   0x0000000c   Zero   RW          737    .bss                stm32f4x7_eth.o
    0x20000c08   0x000000c8   Zero   RW          907    .bss                usart.o
    0x20000cd0   0x00000110   Zero   RW         1003    .bss                lwip_comm.o
    0x20000de0   0x000000f0   Zero   RW         1106    .bss                fs.o
    0x20000ed0   0x00000400   Zero   RW         1139    .bss                httpd.o
    0x200012d0   0x000000c8   Zero   RW         1221    .bss                etharp.o
    0x20001398   0x00000010   Zero   RW         1428    .bss                ip_addr.o
    0x200013a8   0x00000032   Zero   RW         1507    .bss                dhcp.o
    0x200013da   0x00000002   PAD
    0x200013dc   0x00000038   Zero   RW         1584    .bss                memp.o
    0x20001414   0x00000014   Zero   RW         1743    .bss                tcp_in.o
    0x20001428   0x00000028   Zero   RW         1881    .bss                mem.o
    0x20001450   0x000000c4   Zero   RW         1905    .bss                sys_arch.o
    0x20001514   0x00000060   Zero   RW         2072    .bss                sockets.o
    0x20001574   0x00000030   Zero   RW         2096    .bss                tcpip.o
    0x200015a4   0x0001a900   Zero   RW         2132    .bss                malloc.o
    0x2001bea4   0x00000010   Zero   RW         2193    .bss                cpu_core.o
    0x2001beb4   0x00000448   Zero   RW         2255    .bss                lib_mem.o
    0x2001c2fc   0x00001150   Zero   RW         2294    .bss                os_cfg_app.o
    0x2001d44c   0x0000049c   Zero   RW         2503    .bss                os_var.o
    0x2001d8e8   0x00000060   Zero   RW         2718    .bss                c_w.l(libspace.o)
    0x2001d948   0x00000200   Zero   RW          606    HEAP                startup_stm32f40_41xxx.o
    0x2001db48   0x00000400   Zero   RW          605    STACK               startup_stm32f40_41xxx.o



  Load Region LR$$.ARM.__AT_0x10000000 (Base: 0x10000000, Size: 0x00000000, Max: 0x0000f000, ABSOLUTE)

    Execution Region ER$$.ARM.__AT_0x10000000 (Base: 0x10000000, Size: 0x0000f000, Max: 0x0000f000, ABSOLUTE, UNINIT)

    Base Addr    Size         Type   Attr      Idx    E Section Name        Object

    0x10000000   0x0000f000   Zero   RW         2128    .ARM.__AT_0x10000000  malloc.o



  Load Region LR$$.ARM.__AT_0x1000F000 (Base: 0x1000f000, Size: 0x00000000, Max: 0x00000f00, ABSOLUTE)

    Execution Region ER$$.ARM.__AT_0x1000F000 (Base: 0x1000f000, Size: 0x00000f00, Max: 0x00000f00, ABSOLUTE, UNINIT)

    Base Addr    Size         Type   Attr      Idx    E Section Name        Object

    0x1000f000   0x00000f00   Zero   RW         2129    .ARM.__AT_0x1000F000  malloc.o



  Load Region LR$$.ARM.__AT_0x68000000 (Base: 0x68000000, Size: 0x00000000, Max: 0x00032000, ABSOLUTE)

    Execution Region ER$$.ARM.__AT_0x68000000 (Base: 0x68000000, Size: 0x00032000, Max: 0x00032000, ABSOLUTE, UNINIT)

    Base Addr    Size         Type   Attr      Idx    E Section Name        Object

    0x68000000   0x00032000   Zero   RW         2130    .ARM.__AT_0x68000000  malloc.o



  Load Region LR$$.ARM.__AT_0x68032000 (Base: 0x68032000, Size: 0x00000000, Max: 0x00003200, ABSOLUTE)

    Execution Region ER$$.ARM.__AT_0x68032000 (Base: 0x68032000, Size: 0x00003200, Max: 0x00003200, ABSOLUTE, UNINIT)

    Base Addr    Size         Type   Attr      Idx    E Section Name        Object

    0x68032000   0x00003200   Zero   RW         2131    .ARM.__AT_0x68032000  malloc.o


==============================================================================

Image component sizes


      Code (inc. data)   RO Data    RW Data    ZI Data      Debug   Object Name

       220          8          0          0          0       1219   adc.o
      3088        820          0          0          0      18061   api_lib.o
      6228       1226          0          0          0      10311   api_msg.o
        64          4          0          0          0        600   beep.o
       132         14          0          0          0       1275   bsp.o
        52          0          0          0          0        376   cpu_a.o
       680         14        260          4         16      14959   cpu_core.o
        62          0          0          0          0       1298   def.o
       332         26          0          4          0       1977   delay.o
      6764       1090        140          4         50      13394   dhcp.o
      3716        604         80          1        200      10107   etharp.o
       552        134          0          0          0       5046   ethernetif.o
       264          8     103136          0        240       6496   fs.o
      4768        788        154         36       1024      21093   httpd.o
      1268        206         54         16          0       4744   httpd_cgi_ssi.o
      1060        372          0          0          0       2794   icmp.o
         0          0          0          0          0       5824   inet.o
       692        104          0          0          0       3137   inet_chksum.o
        36          0          0          0          0       4720   init.o
      1072        172          0         18          0       7487   ip.o
       812        112          8          0         16      10987   ip_addr.o
      2600        486          0          6          0       7624   ip_frag.o
       224         20          0          1          0        932   key.o
       912         56          0         16          0       3937   lan8720.o
     19624        168       6080          4         14      22586   lcd.o
       132         10          0          0          0        907   led.o
       598          0          0          0          0       3848   lib_ascii.o
      2502         32          0          4       1096      22176   lib_mem.o
       544          0          0          0          0        524   lib_mem_a.o
      2348          6        148          0          0      13382   lib_str.o
      1400        490          0          8        272      29276   lwip_comm.o
      1220        306          0          0       2124     403943   main.o
       564         18         36         36     391680       5115   malloc.o
      1860        568          0         16         40       4334   mem.o
       468        196        216         60         56       3332   memp.o
       224         20          0          0          0       2097   misc.o
       944        340          0          0          0       4193   netbuf.o
       832        124          0          9          0       6685   netif.o
       208        136        164          0       4432      19974   os_cfg_app.o
      3476        272          0          0          0      12151   os_core.o
       172         32          0          0          0        444   os_cpu_a.o
      1016         64          0          4          0       4297   os_cpu_c.o
       424        280        364          0          0       4973   os_dbg.o
      2808         84          0          0          0       7755   os_flag.o
       508         16          0          0          0       2908   os_mem.o
       556         12          0          0          0       2939   os_msg.o
      1932         84          0          0          0       5442   os_mutex.o
       124          4          0          4          0       2116   os_prio.o
      1752         58          0          0          0       6256   os_q.o
      1768         58          0          0          0       6292   os_sem.o
      1448        150          0          0          0       2897   os_stat.o
      4956        188          0          0          0      13026   os_task.o
      1156         74          0          0          0       3489   os_tick.o
      1116         54          0          0          0       3225   os_time.o
      2012        134          0          0          0       6570   os_tmr.o
         0          0          0        180       1180      18249   os_var.o
      4264       1236          0          0          0       9397   pbuf.o
       588        134          0          4          0       3573   raw.o
      1044         30          0          0          0       4986   rtc.o
      7280        666         64          8         96      17722   sockets.o
       676         18          0          0          0       2373   sram.o
        64         26        392          0       1536        884   startup_stm32f40_41xxx.o
      3648         96          0         16         12      19934   stm32f4x7_eth.o
      1124         24          0          0          0      10770   stm32f4xx_adc.o
       272         10          0          0          0       2539   stm32f4xx_exti.o
      1480         18         28          0          0       5990   stm32f4xx_fsmc.o
       660         44          0          0          0       4369   stm32f4xx_gpio.o
        20          0          0          0          0       1015   stm32f4xx_it.o
       364         12          0          0          0       3859   stm32f4xx_pwr.o
      1628         52          0         16          0      13256   stm32f4xx_rcc.o
      3432         44          0          0          0      15332   stm32f4xx_rtc.o
       148         12          0          0          0       1969   stm32f4xx_syscfg.o
      3234         60          0          0          0      22572   stm32f4xx_tim.o
      1108         34          0          0          0       8072   stm32f4xx_usart.o
      1168        238          4          0        196       6625   sys_arch.o
       528         46          0         20          0       1987   system_stm32f4xx.o
      5260       1092        189         36          0      22031   tcp.o
      6264        964          0         32         20      15439   tcp_in.o
      4934        954         85          0          0       9843   tcp_out.o
       952        194          0          8         48      10288   tcpip.o
       404         50          0          0          0       1530   temperature.o
       112          4          0          0          0        864   timer.o
       816        186          0          8          0       3751   timers.o
      1512        202          0          8          0      14721   udp.o
       344         16          0          6        200       3518   usart.o
      3132       1290         40         28          0       4490   usmart.o
         0          0        263        292          0       1796   usmart_config.o
      1320         12          0          0          0       5305   usmart_str.o

    ----------------------------------------------------------------------
    152080      18006     111948        928     404552    1054599   Object Totals
         0          0         32          0          0          0   (incl. Generated)
        10          0         11         15          4          0   (incl. Padding)

    ----------------------------------------------------------------------

      Code (inc. data)   RO Data    RW Data    ZI Data      Debug   Library Member Name

        90          0          0          0          0          0   __dczerorl2.o
         8          0          0          0          0         68   __main.o
       392          4         17          0          0         92   __printf_flags_ss_wp.o
        14          0          0          0          0         68   __printf_wp.o
         0          0          0          0          0          0   __rtentry.o
        12          0          0          0          0          0   __rtentry2.o
         6          0          0          0          0          0   __rtentry4.o
        52          8          0          0          0          0   __scatter.o
        28          0          0          0          0          0   __scatter_zi.o
         6          0          0          0          0          0   _printf_c.o
        44          0          0          0          0        108   _printf_char.o
        48          6          0          0          0         96   _printf_char_common.o
        36          4          0          0          0         80   _printf_char_file.o
         6          0          0          0          0          0   _printf_d.o
       120         16          0          0          0         92   _printf_dec.o
        88          4         40          0          0         88   _printf_hex_int.o
       178          0          0          0          0         88   _printf_intcommon.o
        78          0          0          0          0        108   _printf_pad.o
         0          0          0          0          0          0   _printf_percent.o
         4          0          0          0          0          0   _printf_percent_end.o
         6          0          0          0          0          0   _printf_s.o
        82          0          0          0          0         80   _printf_str.o
         6          0          0          0          0          0   _printf_u.o
         6          0          0          0          0          0   _printf_x.o
        10          0          0          0          0         68   _sputc.o
        12          0          0          0          0         72   exit.o
         8          0          0          0          0         68   ferror.o
         6          0          0          0          0        152   heapauxi.o
        44         10        272          0          0         76   lc_ctype_c.o
         2          0          0          0          0          0   libinit.o
        24          0          0          0          0          0   libinit2.o
         2          0          0          0          0          0   libshutdown.o
         2          0          0          0          0          0   libshutdown2.o
         8          4          0          0         96         68   libspace.o
       238          0          0          0          0        100   lludivv7m.o
        88          0          0          0          0         76   memcmp.o
        24          4          0          0          0         84   noretval__2printf.o
        40          6          0          0          0         84   noretval__2sprintf.o
        16          4          0          0          0         76   rt_ctype_table.o
         8          4          0          0          0         68   rt_locale_intlibspace.o
        68          0          0          0          0         68   rt_memclr.o
        78          0          0          0          0         80   rt_memclr_w.o
       138          0          0          0          0         68   rt_memcpy_v6.o
       100          0          0          0          0         80   rt_memcpy_w.o
         2          0          0          0          0          0   rtexit.o
        10          0          0          0          0          0   rtexit2.o
        20          0          0          0          0         68   strchr.o
       128          0          0          0          0         68   strcmpv7m.o
        62          0          0          0          0         76   strlen.o
       150          0          0          0          0         80   strncmp.o
        36          0          0          0          0         80   strstr.o
        74          0          0          0          0         80   sys_stackheap_outer.o
         2          0          0          0          0         68   use_no_semi.o
         2          0          0          0          0         68   use_no_semi_2.o
       804         16          0          0          0        368   daddsub_clz.o
       688        140          0          0          0        256   ddiv.o
        94          4          0          0          0        140   dfix.o
        90          4          0          0          0        140   dfixu.o
        38          0          0          0          0        116   dflt_clz.o
       340         12          0          0          0        152   dmul.o
       156          4          0          0          0        140   dnaninf.o
        12          0          0          0          0        116   dretinf.o
        86          4          0          0          0        132   f2d.o
       140          4          0          0          0        132   fnaninf.o
        10          0          0          0          0        116   fpinit.o
         0          0          0          0          0          0   usenofp.o

    ----------------------------------------------------------------------
      5188        262        332          0         96       4652   Library Totals
        18          0          3          0          0          0   (incl. Padding)

    ----------------------------------------------------------------------

      Code (inc. data)   RO Data    RW Data    ZI Data      Debug   Library Name

      2712         74        329          0         96       2844   c_w.l
      2458        188          0          0          0       1808   fz_wm.l

    ----------------------------------------------------------------------
      5188        262        332          0         96       4652   Library Totals

    ----------------------------------------------------------------------

==============================================================================


      Code (inc. data)   RO Data    RW Data    ZI Data      Debug   

    157268      18268     112280        928     404648    1037939   Grand Totals
    157268      18268     112280        228     404648    1037939   ELF Image Totals (compressed)
    157268      18268     112280        228          0          0   ROM Totals

==============================================================================

    Total RO  Size (Code + RO Data)               269548 ( 263.23kB)
    Total RW  Size (RW Data + ZI Data)            405576 ( 396.07kB)
    Total ROM Size (Code + RO Data + RW Data)     269776 ( 263.45kB)

==============================================================================

